<html>
<body>
<pre>
<h1>µVision Build Log</h1>
<h2>Project:</h2>
C:\Documents and Settings\Administrator\×ÀÃæ\usart\mdk\usart.uvproj
Project File Date:  05/01/2012

<h2>Output:</h2>
Build target 'usart'
compiling misc.c...
compiling stm32f10x_adc.c...
compiling stm32f10x_bkp.c...
compiling stm32f10x_can.c...
compiling stm32f10x_cec.c...
compiling stm32f10x_crc.c...
compiling stm32f10x_dac.c...
compiling stm32f10x_dbgmcu.c...
compiling stm32f10x_dma.c...
compiling stm32f10x_exti.c...
compiling stm32f10x_flash.c...
compiling stm32f10x_fsmc.c...
compiling stm32f10x_gpio.c...
compiling stm32f10x_i2c.c...
compiling stm32f10x_iwdg.c...
compiling stm32f10x_pwr.c...
compiling stm32f10x_rcc.c...
compiling stm32f10x_rtc.c...
compiling stm32f10x_sdio.c...
compiling stm32f10x_spi.c...
compiling stm32f10x_tim.c...
compiling stm32f10x_usart.c...
compiling stm32f10x_wwdg.c...
compiling core_cm3.c...
compiling system_stm32f10x.c...
assembling startup_stm32f10x_hd.s...
compiling delay.c...
compiling key.c...
compiling led.c...
compiling main.c...
compiling stm32f10x_it.c...
linking...
Program Size: Code=4772 RO-data=336 RW-data=52 ZI-data=1636  
".\obj\usart.axf" - 0 Error(s), 0 Warning(s).
Build target 'usart'
compiling main.c...
..\user\usart.c(24): warning:  #223-D: function "STM_EVAL_COMInit" declared implicitly
..\user\usart.c(24): error:  #20: identifier "COM1" is undefined
..\user\usart.c(28): warning:  #1-D: last line of file ends without a newline
..\user\usart.c(28): error:  #11-D: unrecognized preprocessing directive
..\user\usart.c(1): error:  #37: the #endif for this directive is missing
..\user\usart.h(3): warning:  #1-D: last line of file ends without a newline
compiling usart.c...
..\user\usart.c(24): warning:  #223-D: function "STM_EVAL_COMInit" declared implicitly
..\user\usart.c(24): error:  #20: identifier "COM1" is undefined
..\user\usart.c(28): warning:  #1-D: last line of file ends without a newline
..\user\usart.c(28): error:  #11-D: unrecognized preprocessing directive
..\user\usart.c(1): error:  #37: the #endif for this directive is missing
Target not created
Build target 'usart'
compiling main.c...
..\user\usart.c(16): error:  #20: identifier "COM_TypeDef" is undefined
..\user\usart.c(21): error:  #20: identifier "COM_TX_PORT_CLK" is undefined
..\user\usart.c(21): error:  #20: identifier "COM_RX_PORT_CLK" is undefined
..\user\usart.c(24): error:  #20: identifier "COM_USART_CLK" is undefined
..\user\usart.c(27): warning:  #223-D: function "GPIO_PinAFConfig" declared implicitly
..\user\usart.c(27): error:  #20: identifier "COM_TX_PORT" is undefined
..\user\usart.c(27): error:  #20: identifier "COM_TX_PIN_SOURCE" is undefined
..\user\usart.c(27): error:  #20: identifier "COM_TX_AF" is undefined
..\user\usart.c(30): error:  #20: identifier "COM_RX_PORT" is undefined
..\user\usart.c(30): error:  #20: identifier "COM_RX_PIN_SOURCE" is undefined
..\user\usart.c(30): error:  #20: identifier "COM_RX_AF" is undefined
..\user\usart.c(33): error:  #20: identifier "COM_TX_PIN" is undefined
..\user\usart.c(34): error:  #20: identifier "GPIO_Mode_AF" is undefined
..\user\usart.c(35): error:  #20: identifier "GPIO_Speed_40MHz" is undefined
..\user\usart.c(36): error:  #136: struct "<unnamed>" has no field "GPIO_OType"
..\user\usart.c(36): error:  #20: identifier "GPIO_OType_PP" is undefined
..\user\usart.c(37): error:  #136: struct "<unnamed>" has no field "GPIO_PuPd"
..\user\usart.c(37): error:  #20: identifier "GPIO_PuPd_UP" is undefined
..\user\usart.c(41): error:  #20: identifier "COM_RX_PIN" is undefined
..\user\usart.c(45): error:  #20: identifier "COM_USART" is undefined
..\user\usart.c(69): error:  #20: identifier "COM1" is undefined
..\user\usart.c(73): warning:  #1-D: last line of file ends without a newline
..\user\usart.c(73): error:  #11-D: unrecognized preprocessing directive
..\user\usart.c(1): error:  #37: the #endif for this directive is missing
..\user\usart.h(3): error:  #20: identifier "COM_TypeDef" is undefined
..\user\usart.h(4): warning:  #1-D: last line of file ends without a newline
compiling usart.c...
..\user\usart.c(16): error:  #20: identifier "COM_TypeDef" is undefined
..\user\usart.c(21): error:  #20: identifier "COM_TX_PORT_CLK" is undefined
..\user\usart.c(21): error:  #20: identifier "COM_RX_PORT_CLK" is undefined
..\user\usart.c(24): error:  #20: identifier "COM_USART_CLK" is undefined
..\user\usart.c(27): warning:  #223-D: function "GPIO_PinAFConfig" declared implicitly
..\user\usart.c(27): error:  #20: identifier "COM_TX_PORT" is undefined
..\user\usart.c(27): error:  #20: identifier "COM_TX_PIN_SOURCE" is undefined
..\user\usart.c(27): error:  #20: identifier "COM_TX_AF" is undefined
..\user\usart.c(30): error:  #20: identifier "COM_RX_PORT" is undefined
..\user\usart.c(30): error:  #20: identifier "COM_RX_PIN_SOURCE" is undefined
..\user\usart.c(30): error:  #20: identifier "COM_RX_AF" is undefined
..\user\usart.c(33): error:  #20: identifier "COM_TX_PIN" is undefined
..\user\usart.c(34): error:  #20: identifier "GPIO_Mode_AF" is undefined
..\user\usart.c(35): error:  #20: identifier "GPIO_Speed_40MHz" is undefined
..\user\usart.c(36): error:  #136: struct "<unnamed>" has no field "GPIO_OType"
..\user\usart.c(36): error:  #20: identifier "GPIO_OType_PP" is undefined
..\user\usart.c(37): error:  #136: struct "<unnamed>" has no field "GPIO_PuPd"
..\user\usart.c(37): error:  #20: identifier "GPIO_PuPd_UP" is undefined
..\user\usart.c(41): error:  #20: identifier "COM_RX_PIN" is undefined
..\user\usart.c(45): error:  #20: identifier "COM_USART" is undefined
..\user\usart.c(69): error:  #20: identifier "COM1" is undefined
..\user\usart.c(73): warning:  #1-D: last line of file ends without a newline
..\user\usart.c(73): error:  #11-D: unrecognized preprocessing directive
..\user\usart.c(1): error:  #37: the #endif for this directive is missing
Target not created
