ARM Linker, 4.1 [Build 791] [Standard]

==============================================================================

Section Cross References

    application.o(.text) refers to led.o(.text) for rt_hw_led_init
    application.o(.text) refers to thread.o(.text) for rt_thread_delay
    application.o(.text) refers to application.o(.bss) for led_stack
    startup.o(.text) refers to kservice.o(.text) for rt_kprintf
    startup.o(.text) refers to board.o(.text) for rt_hw_board_init
    startup.o(.text) refers to clock.o(.text) for rt_system_tick_init
    startup.o(.text) refers to object.o(.text) for rt_system_object_init
    startup.o(.text) refers to timer.o(.text) for rt_system_timer_init
    startup.o(.text) refers to mem.o(.text) for rt_system_heap_init
    startup.o(.text) refers to scheduler.o(.text) for rt_system_scheduler_init
    startup.o(.text) refers to rtc.o(.text) for rt_hw_rtc_init
    startup.o(.text) refers to device.o(.text) for rt_device_init_all
    startup.o(.text) refers to application.o(.text) for rt_application_init
    startup.o(.text) refers to shell.o(.text) for finsh_system_init
    startup.o(.text) refers to idle.o(.text) for rt_thread_idle_init
    startup.o(.text) refers to context_rvds.o(.text) for rt_hw_interrupt_disable
    board.o(.text) refers to misc.o(.text) for NVIC_SetVectorTable
    board.o(.text) refers to irq.o(.text) for rt_interrupt_enter
    board.o(.text) refers to clock.o(.text) for rt_tick_increase
    board.o(.text) refers to usart.o(.text) for rt_hw_usart_init
    board.o(.text) refers to kservice.o(.text) for rt_console_set_device
    board.o(.text) refers to system_stm32f10x.o(.data) for SystemCoreClock
    stm32f10x_it.o(.text) refers to board.o(.text) for rt_hw_timer_handler
    stm32f10x_it.o(.text) refers to irq.o(.text) for rt_interrupt_enter
    stm32f10x_it.o(.text) refers to serial.o(.text) for rt_hw_serial_isr
    stm32f10x_it.o(.text) refers to usart.o(.bss) for uart1_device
    rtc.o(.text) refers to kservice.o(.text) for rt_kprintf
    rtc.o(.text) refers to stm32f10x_rtc.o(.text) for RTC_GetCounter
    rtc.o(.text) refers to stm32f10x_rcc.o(.text) for RCC_APB1PeriphClockCmd
    rtc.o(.text) refers to stm32f10x_pwr.o(.text) for PWR_BackupAccessCmd
    rtc.o(.text) refers to stm32f10x_bkp.o(.text) for BKP_WriteBackupRegister
    rtc.o(.text) refers to device.o(.text) for rt_device_register
    rtc.o(.text) refers to localtime.o(.text) for localtime
    rtc.o(.text) refers to mktime.o(.text) for mktime
    rtc.o(.text) refers to ctime.o(.text) for ctime
    rtc.o(.text) refers to rtc.o(.constdata) for __FUNCTION__
    rtc.o(.text) refers to rtc.o(.bss) for rtc
    rtc.o(FSymTab) refers to rtc.o(.constdata) for __fsym_set_date_name
    rtc.o(FSymTab) refers to rtc.o(.text) for set_date
    usart.o(.text) refers to stm32f10x_rcc.o(.text) for RCC_APB2PeriphClockCmd
    usart.o(.text) refers to stm32f10x_gpio.o(.text) for GPIO_Init
    usart.o(.text) refers to misc.o(.text) for NVIC_Init
    usart.o(.text) refers to stm32f10x_usart.o(.text) for USART_Init
    usart.o(.text) refers to serial.o(.text) for rt_hw_serial_register
    usart.o(.text) refers to usart.o(.data) for uart1
    usart.o(.text) refers to usart.o(.bss) for uart1_device
    usart.o(.data) refers to usart.o(.bss) for uart1_int_rx
    serial.o(.text) refers to kservice.o(.text) for rt_memset
    serial.o(.text) refers to mempool.o(.text) for rt_mp_init
    serial.o(.text) refers to stm32f10x_usart.o(.text) for USART_Cmd
    serial.o(.text) refers to context_rvds.o(.text) for rt_hw_interrupt_disable
    serial.o(.text) refers to stm32f10x_dma.o(.text) for DMA_Cmd
    serial.o(.text) refers to device.o(.text) for rt_device_register
    serial.o(.text) refers to serial.o(.constdata) for __FUNCTION__
    led.o(.text) refers to stm32f10x_rcc.o(.text) for RCC_APB2PeriphClockCmd
    led.o(.text) refers to stm32f10x_gpio.o(.text) for GPIO_Init
    led.o(.text) refers to led.o(.data) for led_inited
    led.o(FSymTab) refers to led.o(.constdata) for __fsym_led_name
    led.o(FSymTab) refers to led.o(.text) for led
    clock.o(.text) refers to context_rvds.o(.text) for rt_hw_interrupt_disable
    clock.o(.text) refers to thread.o(.text) for rt_thread_self
    clock.o(.text) refers to timer.o(.text) for rt_timer_check
    clock.o(.text) refers to clock.o(.data) for rt_tick
    device.o(.text) refers to thread.o(.text) for rt_thread_self
    device.o(.text) refers to scheduler.o(.text) for rt_enter_critical
    device.o(.text) refers to kservice.o(.text) for rt_strncmp
    device.o(.text) refers to object.o(.text) for rt_object_init
    device.o(.text) refers to object.o(.data) for rt_object_container
    device.o(.text) refers to device.o(.constdata) for __FUNCTION__
    idle.o(.text) refers to context_rvds.o(.text) for rt_hw_interrupt_disable
    idle.o(.text) refers to irq.o(.text) for rt_interrupt_get_nest
    idle.o(.text) refers to kservice.o(.text) for rt_kprintf
[...]
    rt_mp_detach                             0x0800434b   Thumb Code   102  mempool.o(.text)
    rt_mp_create                             0x080043b1   Thumb Code   218  mempool.o(.text)
    rt_mp_delete                             0x0800448b   Thumb Code   164  mempool.o(.text)
    rt_mp_alloc                              0x0800452f   Thumb Code   246  mempool.o(.text)
    rt_mp_free                               0x08004625   Thumb Code   232  mempool.o(.text)
    rt_object_attach_sethook                 0x08004745   Thumb Code     6  object.o(.text)
    rt_object_detach_sethook                 0x0800474b   Thumb Code     6  object.o(.text)
    rt_object_trytake_sethook                0x08004751   Thumb Code     6  object.o(.text)
    rt_object_take_sethook                   0x08004757   Thumb Code     6  object.o(.text)
    rt_object_put_sethook                    0x0800475d   Thumb Code     6  object.o(.text)
    rt_system_object_init                    0x08004763   Thumb Code     2  object.o(.text)
    rt_object_get_information                0x08004765   Thumb Code    10  object.o(.text)
    rt_object_init                           0x0800476f   Thumb Code    80  object.o(.text)
    rt_object_detach                         0x080047bf   Thumb Code    72  object.o(.text)
    rt_object_allocate                       0x08004807   Thumb Code   154  object.o(.text)
    rt_object_delete                         0x080048a1   Thumb Code   112  object.o(.text)
    rt_object_is_systemobject                0x08004911   Thumb Code    48  object.o(.text)
    rt_object_find                           0x08004941   Thumb Code   114  object.o(.text)
    rt_scheduler_sethook                     0x08004a6d   Thumb Code     6  scheduler.o(.text)
    rt_system_scheduler_init                 0x08004ad5   Thumb Code    64  scheduler.o(.text)
    rt_system_scheduler_start                0x08004b15   Thumb Code   126  scheduler.o(.text)
    rt_schedule                              0x08004b93   Thumb Code   224  scheduler.o(.text)
    rt_schedule_insert_thread                0x08004c73   Thumb Code   100  scheduler.o(.text)
    rt_schedule_remove_thread                0x08004cd7   Thumb Code   114  scheduler.o(.text)
    rt_enter_critical                        0x08004d49   Thumb Code    30  scheduler.o(.text)
    rt_exit_critical                         0x08004d67   Thumb Code    58  scheduler.o(.text)
    rt_thread_timeout                        0x08004ed7   Thumb Code    94  thread.o(.text)
    rt_thread_init                           0x08004fd9   Thumb Code   110  thread.o(.text)
    rt_thread_self                           0x08005047   Thumb Code     6  thread.o(.text)
    rt_thread_resume                         0x0800504d   Thumb Code   108  thread.o(.text)
    rt_thread_startup                        0x080050b9   Thumb Code   120  thread.o(.text)
    rt_thread_detach                         0x08005131   Thumb Code    90  thread.o(.text)
    rt_thread_create                         0x0800518b   Thumb Code    82  thread.o(.text)
    rt_thread_delete                         0x080051dd   Thumb Code    80  thread.o(.text)
    rt_thread_yield                          0x0800522d   Thumb Code   318  thread.o(.text)
    rt_thread_suspend                        0x0800536b   Thumb Code    88  thread.o(.text)
    rt_thread_sleep                          0x080053c3   Thumb Code    92  thread.o(.text)
    rt_thread_delay                          0x0800541f   Thumb Code    12  thread.o(.text)
    rt_thread_control                        0x0800542b   Thumb Code   154  thread.o(.text)
    rt_thread_find                           0x080054c5   Thumb Code    82  thread.o(.text)
    rt_timer_timeout_sethook                 0x0800554d   Thumb Code     6  timer.o(.text)
    rt_timer_init                            0x0800559b   Thumb Code    76  timer.o(.text)
    rt_timer_detach                          0x080055e7   Thumb Code    62  timer.o(.text)
    rt_timer_create                          0x08005625   Thumb Code    56  timer.o(.text)
    rt_timer_delete                          0x0800565d   Thumb Code    62  timer.o(.text)
    rt_timer_start                           0x0800569b   Thumb Code   206  timer.o(.text)
    rt_timer_stop                            0x08005769   Thumb Code    98  timer.o(.text)
    rt_timer_control                         0x080057cb   Thumb Code    94  timer.o(.text)
    rt_timer_check                           0x08005829   Thumb Code   156  timer.o(.text)
    rt_timer_next_timeout_tick               0x080058c5   Thumb Code    10  timer.o(.text)
    rt_system_timer_init                     0x080058cf   Thumb Code     2  timer.o(.text)
    rt_system_timer_thread_init              0x080058d1   Thumb Code     2  timer.o(.text)
    rt_hw_stack_init                         0x08005965   Thumb Code    78  cpuport.o(.text)
    rt_hw_exception_install                  0x080059b3   Thumb Code     6  cpuport.o(.text)
    rt_hw_hard_fault_exception               0x080059b9   Thumb Code   112  cpuport.o(.text)
    rt_hw_cpu_shutdown                       0x08005a29   Thumb Code    34  cpuport.o(.text)
    rt_hw_interrupt_disable                  0x08005b29   Thumb Code     8  context_rvds.o(.text)
    rt_hw_interrupt_enable                   0x08005b31   Thumb Code     6  context_rvds.o(.text)
    rt_hw_context_switch                     0x08005b37   Thumb Code    32  context_rvds.o(.text)
    rt_hw_context_switch_interrupt           0x08005b37   Thumb Code     0  context_rvds.o(.text)
    PendSV_Handler                           0x08005b57   Thumb Code    60  context_rvds.o(.text)
    rt_hw_context_switch_to                  0x08005b93   Thumb Code    46  context_rvds.o(.text)
    rt_hw_interrupt_thread_switch            0x08005bc1   Thumb Code     4  context_rvds.o(.text)
    HardFault_Handler                        0x08005bc5   Thumb Code    20  context_rvds.o(.text)
    hello                                    0x08005c05   Thumb Code    12  cmd.o(.text)
    version                                  0x08005c11   Thumb Code    10  cmd.o(.text)
    list_thread                              0x08005cd1   Thumb Code    10  cmd.o(.text)
    list_sem                                 0x08005d77   Thumb Code    12  cmd.o(.text)
    list_event                               0x08005de7   Thumb Code    12  cmd.o(.text)
    list_mutex                               0x08005e39   Thumb Code    12  cmd.o(.text)
    list_mailbox                             0x08005ec1   Thumb Code    12  cmd.o(.text)
    list_msgqueue                            0x08005f3d   Thumb Code    12  cmd.o(.text)
    list_mempool                             0x08005fb3   Thumb Code    12  cmd.o(.text)
    list_timer                               0x080063c9   Thumb Code    10  cmd.o(.text)
    list_device                              0x08006425   Thumb Code    12  cmd.o(.text)
    list                                     0x08006431   Thumb Code   114  cmd.o(.text)
    list_prefix                              0x080064ed   Thumb Code   428  cmd.o(.text)
    finsh_compiler_run                       0x08008281   Thumb Code    98  finsh_compiler.o(.text)
    finsh_error_init                         0x080082f5   Thumb Code    10  finsh_error.o(.text)
    finsh_error_set                          0x080082ff   Thumb Code    12  finsh_error.o(.text)
    finsh_errno                              0x0800830b   Thumb Code     6  finsh_error.o(.text)
    finsh_error_string                       0x08008311   Thumb Code    10  finsh_error.o(.text)
    finsh_heap_init                          0x08008325   Thumb Code    40  finsh_heap.o(.text)
    finsh_heap_free                          0x0800845d   Thumb Code    34  finsh_heap.o(.text)
    finsh_heap_allocate                      0x080084d3   Thumb Code   110  finsh_heap.o(.text)
    finsh_init                               0x08008551   Thumb Code    30  finsh_init.o(.text)
    finsh_stack_bottom                       0x0800856f   Thumb Code     6  finsh_init.o(.text)
    finsh_flush                              0x08008575   Thumb Code    22  finsh_init.o(.text)
    finsh_reset                              0x0800858b   Thumb Code    24  finsh_init.o(.text)
    finsh_node_init                          0x080085a9   Thumb Code    16  finsh_node.o(.text)
    finsh_node_allocate                      0x080085b9   Thumb Code    60  finsh_node.o(.text)
    finsh_node_new_id                        0x080085f5   Thumb Code   126  finsh_node.o(.text)
    finsh_node_new_char                      0x08008673   Thumb Code    32  finsh_node.o(.text)
    finsh_node_new_int                       0x08008693   Thumb Code    32  finsh_node.o(.text)
    finsh_node_new_long                      0x080086b3   Thumb Code    32  finsh_node.o(.text)
    finsh_node_new_string                    0x080086d3   Thumb Code    78  finsh_node.o(.text)
    finsh_node_new_ptr                       0x08008721   Thumb Code    32  finsh_node.o(.text)
    OP_no_op                                 0x08008745   Thumb Code     2  finsh_ops.o(.text)
    OP_add_byte                              0x08008747   Thumb Code    44  finsh_ops.o(.text)
    OP_add_word                              0x08008773   Thumb Code    46  finsh_ops.o(.text)
    OP_add_dword                             0x080087a1   Thumb Code    44  finsh_ops.o(.text)
    OP_sub_byte                              0x080087cd   Thumb Code    46  finsh_ops.o(.text)
    OP_sub_word                              0x080087fb   Thumb Code    48  finsh_ops.o(.text)
    OP_sub_dword                             0x0800882b   Thumb Code    46  finsh_ops.o(.text)
    OP_div_byte                              0x08008859   Thumb Code    46  finsh_ops.o(.text)
    OP_div_word                              0x08008887   Thumb Code    48  finsh_ops.o(.text)
    OP_div_dword                             0x080088b7   Thumb Code    46  finsh_ops.o(.text)
    OP_mod_byte                              0x080088e5   Thumb Code    50  finsh_ops.o(.text)
    OP_mod_word                              0x08008917   Thumb Code    50  finsh_ops.o(.text)
    OP_mod_dword                             0x08008949   Thumb Code    50  finsh_ops.o(.text)
    OP_mul_byte                              0x0800897b   Thumb Code    44  finsh_ops.o(.text)
    OP_mul_word                              0x080089a7   Thumb Code    46  finsh_ops.o(.text)
    OP_mul_dword                             0x080089d5   Thumb Code    44  finsh_ops.o(.text)
    OP_and_byte                              0x08008a01   Thumb Code    46  finsh_ops.o(.text)
    OP_and_word                              0x08008a2f   Thumb Code    46  finsh_ops.o(.text)
    OP_and_dword                             0x08008a5d   Thumb Code    46  finsh_ops.o(.text)
    OP_or_byte                               0x08008a8b   Thumb Code    46  finsh_ops.o(.text)
    OP_or_word                               0x08008ab9   Thumb Code    46  finsh_ops.o(.text)
    OP_or_dword                              0x08008ae7   Thumb Code    46  finsh_ops.o(.text)
    OP_xor_byte                              0x08008b15   Thumb Code    52  finsh_ops.o(.text)
    OP_xor_word                              0x08008b49   Thumb Code    46  finsh_ops.o(.text)
    OP_xor_dword                             0x08008b77   Thumb Code    46  finsh_ops.o(.text)
    OP_bw_byte                               0x08008ba5   Thumb Code    22  finsh_ops.o(.text)
    OP_bw_word                               0x08008bbb   Thumb Code    22  finsh_ops.o(.text)
    OP_bw_dword                              0x08008bd1   Thumb Code    22  finsh_ops.o(.text)
    OP_shl_byte                              0x08008be7   Thumb Code    46  finsh_ops.o(.text)
    OP_shl_word                              0x08008c15   Thumb Code    48  finsh_ops.o(.text)
    OP_shl_dword                             0x08008c45   Thumb Code    46  finsh_ops.o(.text)
    OP_shr_byte                              0x08008c73   Thumb Code    46  finsh_ops.o(.text)
    OP_shr_word                              0x08008ca1   Thumb Code    46  finsh_ops.o(.text)
    OP_shr_dword                             0x08008ccf   Thumb Code    46  finsh_ops.o(.text)
    OP_ld_byte                               0x08008cfd   Thumb Code    38  finsh_ops.o(.text)
    OP_ld_word                               0x08008d23   Thumb Code    50  finsh_ops.o(.text)
    OP_ld_dword                              0x08008d55   Thumb Code    68  finsh_ops.o(.text)
    OP_ld_value_byte                         0x08008d99   Thumb Code    70  finsh_ops.o(.text)
    OP_ld_value_byte_stack                   0x08008ddf   Thumb Code    20  finsh_ops.o(.text)
    OP_ld_value_word                         0x08008df3   Thumb Code    70  finsh_ops.o(.text)
    OP_ld_value_word_stack                   0x08008e39   Thumb Code    20  finsh_ops.o(.text)
    OP_ld_value_dword                        0x08008e4d   Thumb Code    70  finsh_ops.o(.text)
    OP_ld_value_dword_stack                  0x08008e93   Thumb Code    20  finsh_ops.o(.text)
    OP_st_byte                               0x08008ea7   Thumb Code    32  finsh_ops.o(.text)
    OP_st_word                               0x08008ec7   Thumb Code    32  finsh_ops.o(.text)
    OP_st_dword                              0x08008ee7   Thumb Code    32  finsh_ops.o(.text)
    OP_pop                                   0x08008f07   Thumb Code    14  finsh_ops.o(.text)
    OP_call                                  0x08008f15   Thumb Code   926  finsh_ops.o(.text)
    finsh_parser_run                         0x08009be9   Thumb Code   220  finsh_parser.o(.text)
    finsh_parser_init                        0x08009cc5   Thumb Code    18  finsh_parser.o(.text)
    finsh_token_init                         0x08009cd9   Thumb Code    22  finsh_token.o(.text)
    token_get_string                         0x0800a107   Thumb Code   126  finsh_token.o(.text)
    finsh_token_token                        0x0800a377   Thumb Code    26  finsh_token.o(.text)
    finsh_token_get_token                    0x0800a391   Thumb Code    22  finsh_token.o(.text)
    finsh_var_init                           0x0800a3ad   Thumb Code    14  finsh_var.o(.text)
    finsh_var_insert                         0x0800a3bb   Thumb Code   116  finsh_var.o(.text)
    finsh_var_delete                         0x0800a42f   Thumb Code    72  finsh_var.o(.text)
    finsh_var_lookup                         0x0800a477   Thumb Code    62  finsh_var.o(.text)
    finsh_sysvar_append                      0x0800a4b5   Thumb Code    66  finsh_var.o(.text)
    finsh_sysvar_lookup                      0x0800a4f7   Thumb Code    80  finsh_var.o(.text)
    finsh_vm_run                             0x0800a559   Thumb Code    64  finsh_vm.o(.text)
    finsh_syscall_append                     0x0800a599   Thumb Code    58  finsh_vm.o(.text)
    finsh_syscall_lookup                     0x0800a5d3   Thumb Code    80  finsh_vm.o(.text)
    strcmp                                   0x0800a645   Thumb Code    32  shell.o(.text)
    strdup                                   0x0800a665   Thumb Code    42  shell.o(.text)
    finsh_set_device                         0x0800a6c1   Thumb Code   108  shell.o(.text)
    finsh_get_device                         0x0800a72d   Thumb Code    44  shell.o(.text)
    finsh_set_echo                           0x0800a759   Thumb Code    58  shell.o(.text)
    finsh_get_echo                           0x0800a793   Thumb Code    48  shell.o(.text)
    finsh_auto_complete                      0x0800a7c3   Thumb Code    28  shell.o(.text)
    finsh_run_line                           0x0800a7df   Thumb Code   150  shell.o(.text)
    finsh_handle_history                     0x0800a875   Thumb Code   288  shell.o(.text)
    finsh_push_history                       0x0800a995   Thumb Code   182  shell.o(.text)
    finsh_thread_entry                       0x0800aa4b   Thumb Code   736  shell.o(.text)
    finsh_system_function_init               0x0800ad2b   Thumb Code    10  shell.o(.text)
    finsh_system_var_init                    0x0800ad35   Thumb Code    10  shell.o(.text)
    finsh_system_init                        0x0800ad3f   Thumb Code   116  shell.o(.text)
    SystemInit                               0x0800aee5   Thumb Code    82  system_stm32f10x.o(.text)
    SystemCoreClockUpdate                    0x0800af37   Thumb Code   154  system_stm32f10x.o(.text)
    RCC_DeInit                               0x0800aff5   Thumb Code    68  stm32f10x_rcc.o(.text)
    RCC_HSEConfig                            0x0800b039   Thumb Code   100  stm32f10x_rcc.o(.text)
    RCC_GetFlagStatus                        0x0800b09d   Thumb Code   130  stm32f10x_rcc.o(.text)
    RCC_WaitForHSEStartUp                    0x0800b11f   Thumb Code    56  stm32f10x_rcc.o(.text)
    RCC_AdjustHSICalibrationValue            0x0800b157   Thumb Code    40  stm32f10x_rcc.o(.text)
    RCC_HSICmd                               0x0800b17f   Thumb Code    28  stm32f10x_rcc.o(.text)
    RCC_PLLConfig                            0x0800b19b   Thumb Code   156  stm32f10x_rcc.o(.text)
    RCC_PLLCmd                               0x0800b237   Thumb Code    28  stm32f10x_rcc.o(.text)
    RCC_SYSCLKConfig                         0x0800b253   Thumb Code    46  stm32f10x_rcc.o(.text)
    RCC_GetSYSCLKSource                      0x0800b281   Thumb Code    10  stm32f10x_rcc.o(.text)
    RCC_HCLKConfig                           0x0800b28b   Thumb Code    70  stm32f10x_rcc.o(.text)
    RCC_PCLK1Config                          0x0800b2d1   Thumb Code    62  stm32f10x_rcc.o(.text)
    RCC_PCLK2Config                          0x0800b30f   Thumb Code    62  stm32f10x_rcc.o(.text)
    RCC_ITConfig                             0x0800b34d   Thumb Code    80  stm32f10x_rcc.o(.text)
    RCC_USBCLKConfig                         0x0800b39d   Thumb Code    28  stm32f10x_rcc.o(.text)
    RCC_ADCCLKConfig                         0x0800b3b9   Thumb Code   140  stm32f10x_rcc.o(.text)
    RCC_LSEConfig                            0x0800b445   Thumb Code    78  stm32f10x_rcc.o(.text)
    RCC_LSICmd                               0x0800b493   Thumb Code    30  stm32f10x_rcc.o(.text)
    RCC_RTCCLKConfig                         0x0800b4b1   Thumb Code    50  stm32f10x_rcc.o(.text)
    RCC_RTCCLKCmd                            0x0800b4e3   Thumb Code    30  stm32f10x_rcc.o(.text)
    RCC_GetClocksFreq                        0x0800b501   Thumb Code   216  stm32f10x_rcc.o(.text)
    RCC_AHBPeriphClockCmd                    0x0800b5d9   Thumb Code    82  stm32f10x_rcc.o(.text)
    RCC_APB2PeriphClockCmd                   0x0800b62b   Thumb Code    78  stm32f10x_rcc.o(.text)
    RCC_APB1PeriphClockCmd                   0x0800b679   Thumb Code    78  stm32f10x_rcc.o(.text)
    RCC_APB2PeriphResetCmd                   0x0800b6c7   Thumb Code    78  stm32f10x_rcc.o(.text)
    RCC_APB1PeriphResetCmd                   0x0800b715   Thumb Code    78  stm32f10x_rcc.o(.text)
    RCC_BackupResetCmd                       0x0800b763   Thumb Code    30  stm32f10x_rcc.o(.text)
    RCC_ClockSecuritySystemCmd               0x0800b781   Thumb Code    30  stm32f10x_rcc.o(.text)
    RCC_MCOConfig                            0x0800b79f   Thumb Code    42  stm32f10x_rcc.o(.text)
    RCC_ClearFlag                            0x0800b7c9   Thumb Code    14  stm32f10x_rcc.o(.text)
    RCC_GetITStatus                          0x0800b7d7   Thumb Code   118  stm32f10x_rcc.o(.text)
    RCC_ClearITPendingBit                    0x0800b84d   Thumb Code    32  stm32f10x_rcc.o(.text)
    PWR_DeInit                               0x0800b871   Thumb Code    22  stm32f10x_pwr.o(.text)
    PWR_BackupAccessCmd                      0x0800b887   Thumb Code    26  stm32f10x_pwr.o(.text)
    PWR_PVDCmd                               0x0800b8a1   Thumb Code    26  stm32f10x_pwr.o(.text)
    PWR_PVDLevelConfig                       0x0800b8bb   Thumb Code    64  stm32f10x_pwr.o(.text)
    PWR_WakeUpPinCmd                         0x0800b8fb   Thumb Code    26  stm32f10x_pwr.o(.text)
    PWR_EnterSTOPMode                        0x0800b915   Thumb Code    94  stm32f10x_pwr.o(.text)
    PWR_EnterSTANDBYMode                     0x0800b973   Thumb Code    42  stm32f10x_pwr.o(.text)
    PWR_GetFlagStatus                        0x0800b99d   Thumb Code    54  stm32f10x_pwr.o(.text)
    PWR_ClearFlag                            0x0800b9d3   Thumb Code    38  stm32f10x_pwr.o(.text)
    BKP_DeInit                               0x0800ba45   Thumb Code    16  stm32f10x_bkp.o(.text)
    BKP_TamperPinLevelConfig                 0x0800ba55   Thumb Code    26  stm32f10x_bkp.o(.text)
    BKP_TamperPinCmd                         0x0800ba6f   Thumb Code    26  stm32f10x_bkp.o(.text)
    BKP_ITConfig                             0x0800ba89   Thumb Code    26  stm32f10x_bkp.o(.text)
    BKP_RTCOutputConfig                      0x0800baa3   Thumb Code    58  stm32f10x_bkp.o(.text)
    BKP_SetRTCCalibrationValue               0x0800badd   Thumb Code    44  stm32f10x_bkp.o(.text)
    BKP_WriteBackupRegister                  0x0800bb09   Thumb Code   196  stm32f10x_bkp.o(.text)
    BKP_ReadBackupRegister                   0x0800bbcd   Thumb Code   194  stm32f10x_bkp.o(.text)
    BKP_GetFlagStatus                        0x0800bc8f   Thumb Code    10  stm32f10x_bkp.o(.text)
    BKP_ClearFlag                            0x0800bc99   Thumb Code    14  stm32f10x_bkp.o(.text)
    BKP_GetITStatus                          0x0800bca7   Thumb Code    10  stm32f10x_bkp.o(.text)
    BKP_ClearITPendingBit                    0x0800bcb1   Thumb Code    14  stm32f10x_bkp.o(.text)
    RTC_ITConfig                             0x0800bd15   Thumb Code    78  stm32f10x_rtc.o(.text)
    RTC_EnterConfigMode                      0x0800bd63   Thumb Code    14  stm32f10x_rtc.o(.text)
    RTC_ExitConfigMode                       0x0800bd71   Thumb Code    18  stm32f10x_rtc.o(.text)
    RTC_GetCounter                           0x0800bd83   Thumb Code    20  stm32f10x_rtc.o(.text)
    RTC_SetCounter                           0x0800bd97   Thumb Code    26  stm32f10x_rtc.o(.text)
    RTC_SetPrescaler                         0x0800bdb1   Thumb Code    44  stm32f10x_rtc.o(.text)
    RTC_SetAlarm                             0x0800bddd   Thumb Code    28  stm32f10x_rtc.o(.text)
    RTC_GetDivider                           0x0800bdf9   Thumb Code    26  stm32f10x_rtc.o(.text)
    RTC_WaitForLastTask                      0x0800be13   Thumb Code    14  stm32f10x_rtc.o(.text)
    RTC_WaitForSynchro                       0x0800be21   Thumb Code    30  stm32f10x_rtc.o(.text)
    RTC_GetFlagStatus                        0x0800be3f   Thumb Code    60  stm32f10x_rtc.o(.text)
    RTC_ClearFlag                            0x0800be7b   Thumb Code    46  stm32f10x_rtc.o(.text)
    RTC_GetITStatus                          0x0800bea9   Thumb Code    66  stm32f10x_rtc.o(.text)
    RTC_ClearITPendingBit                    0x0800beeb   Thumb Code    46  stm32f10x_rtc.o(.text)
    GPIO_DeInit                              0x0800bf75   Thumb Code   224  stm32f10x_gpio.o(.text)
    GPIO_AFIODeInit                          0x0800c055   Thumb Code    20  stm32f10x_gpio.o(.text)
    GPIO_Init                                0x0800c069   Thumb Code   416  stm32f10x_gpio.o(.text)
    GPIO_StructInit                          0x0800c209   Thumb Code    20  stm32f10x_gpio.o(.text)
    GPIO_ReadInputDataBit                    0x0800c21d   Thumb Code   176  stm32f10x_gpio.o(.text)
    GPIO_ReadInputData                       0x0800c2cd   Thumb Code    64  stm32f10x_gpio.o(.text)
    GPIO_ReadOutputDataBit                   0x0800c30d   Thumb Code   268  stm32f10x_gpio.o(.text)
    GPIO_ReadOutputData                      0x0800c419   Thumb Code    66  stm32f10x_gpio.o(.text)
    GPIO_SetBits                             0x0800c45b   Thumb Code    86  stm32f10x_gpio.o(.text)
    GPIO_ResetBits                           0x0800c4b1   Thumb Code    86  stm32f10x_gpio.o(.text)
    GPIO_WriteBit                            0x0800c507   Thumb Code   188  stm32f10x_gpio.o(.text)
    GPIO_Write                               0x0800c5c3   Thumb Code    66  stm32f10x_gpio.o(.text)
    GPIO_PinLockConfig                       0x0800c605   Thumb Code   102  stm32f10x_gpio.o(.text)
    GPIO_EventOutputConfig                   0x0800c66b   Thumb Code   144  stm32f10x_gpio.o(.text)
    GPIO_EventOutputCmd                      0x0800c6fb   Thumb Code    30  stm32f10x_gpio.o(.text)
    GPIO_PinRemapConfig                      0x0800c719   Thumb Code   550  stm32f10x_gpio.o(.text)
    GPIO_EXTILineConfig                      0x0800c93f   Thumb Code   204  stm32f10x_gpio.o(.text)
    GPIO_ETH_MediaInterfaceConfig            0x0800ca0b   Thumb Code    30  stm32f10x_gpio.o(.text)
    USART_DeInit                             0x0800ca45   Thumb Code   174  stm32f10x_usart.o(.text)
    USART_Init                               0x0800caf3   Thumb Code   490  stm32f10x_usart.o(.text)
    USART_StructInit                         0x0800ccdd   Thumb Code    30  stm32f10x_usart.o(.text)
    USART_ClockInit                          0x0800ccfb   Thumb Code   174  stm32f10x_usart.o(.text)
    USART_ClockStructInit                    0x0800cda9   Thumb Code    14  stm32f10x_usart.o(.text)
    USART_Cmd                                0x0800cdb7   Thumb Code    92  stm32f10x_usart.o(.text)
    USART_ITConfig                           0x0800ce13   Thumb Code   348  stm32f10x_usart.o(.text)
    USART_DMACmd                             0x0800cf6f   Thumb Code   124  stm32f10x_usart.o(.text)
    USART_SetAddress                         0x0800cfeb   Thumb Code    90  stm32f10x_usart.o(.text)
    USART_WakeUpConfig                       0x0800d045   Thumb Code    94  stm32f10x_usart.o(.text)
    USART_ReceiverWakeUpCmd                  0x0800d0a3   Thumb Code    96  stm32f10x_usart.o(.text)
    USART_LINBreakDetectLengthConfig         0x0800d103   Thumb Code    92  stm32f10x_usart.o(.text)
    USART_LINCmd                             0x0800d15f   Thumb Code    96  stm32f10x_usart.o(.text)
    USART_SendData                           0x0800d1bf   Thumb Code    78  stm32f10x_usart.o(.text)
    USART_ReceiveData                        0x0800d20d   Thumb Code    56  stm32f10x_usart.o(.text)
    USART_SendBreak                          0x0800d245   Thumb Code    58  stm32f10x_usart.o(.text)
    USART_SetGuardTime                       0x0800d27f   Thumb Code    54  stm32f10x_usart.o(.text)
    USART_SetPrescaler                       0x0800d2b5   Thumb Code    88  stm32f10x_usart.o(.text)
    USART_SmartCardCmd                       0x0800d30d   Thumb Code    84  stm32f10x_usart.o(.text)
    USART_SmartCardNACKCmd                   0x0800d361   Thumb Code    84  stm32f10x_usart.o(.text)
    USART_HalfDuplexCmd                      0x0800d3b5   Thumb Code    96  stm32f10x_usart.o(.text)
    USART_OverSampling8Cmd                   0x0800d415   Thumb Code    92  stm32f10x_usart.o(.text)
    USART_OneBitMethodCmd                    0x0800d471   Thumb Code    96  stm32f10x_usart.o(.text)
    USART_IrDAConfig                         0x0800d4d1   Thumb Code    92  stm32f10x_usart.o(.text)
    USART_IrDACmd                            0x0800d52d   Thumb Code    96  stm32f10x_usart.o(.text)
    USART_GetFlagStatus                      0x0800d58d   Thumb Code   170  stm32f10x_usart.o(.text)
    USART_ClearFlag                          0x0800d637   Thumb Code   124  stm32f10x_usart.o(.text)
    USART_GetITStatus                        0x0800d6b3   Thumb Code   294  stm32f10x_usart.o(.text)
    USART_ClearITPendingBit                  0x0800d7d9   Thumb Code   166  stm32f10x_usart.o(.text)
    DMA_DeInit                               0x0800d895   Thumb Code   394  stm32f10x_dma.o(.text)
    DMA_Init                                 0x0800da1f   Thumb Code   408  stm32f10x_dma.o(.text)
    DMA_StructInit                           0x0800dbb7   Thumb Code    28  stm32f10x_dma.o(.text)
    DMA_Cmd                                  0x0800dbd3   Thumb Code   154  stm32f10x_dma.o(.text)
    DMA_ITConfig                             0x0800dc6d   Thumb Code   256  stm32f10x_dma.o(.text)
    DMA_SetCurrDataCounter                   0x0800dd6d   Thumb Code   116  stm32f10x_dma.o(.text)
    DMA_GetCurrDataCounter                   0x0800dde1   Thumb Code   116  stm32f10x_dma.o(.text)
    DMA_GetFlagStatus                        0x0800de55   Thumb Code   328  stm32f10x_dma.o(.text)
    DMA_ClearFlag                            0x0800df9d   Thumb Code    50  stm32f10x_dma.o(.text)
    DMA_GetITStatus                          0x0800dfcf   Thumb Code   394  stm32f10x_dma.o(.text)
    DMA_ClearITPendingBit                    0x0800e159   Thumb Code    50  stm32f10x_dma.o(.text)
    NVIC_PriorityGroupConfig                 0x0800e1a5   Thumb Code    56  misc.o(.text)
    NVIC_Init                                0x0800e1dd   Thumb Code   186  misc.o(.text)
    NVIC_SetVectorTable                      0x0800e297   Thumb Code    60  misc.o(.text)
    NVIC_SystemLPConfig                      0x0800e2d3   Thumb Code    74  misc.o(.text)
    SysTick_CLKSourceConfig                  0x0800e31d   Thumb Code    62  misc.o(.text)
    Reset_Handler                            0x0800e3ad   Thumb Code     8  startup_stm32f10x_hd.o(.text)
    ADC1_2_IRQHandler                        0x0800e3c7   Thumb Code     0  startup_stm32f10x_hd.o(.text)
    ADC3_IRQHandler                          0x0800e3c7   Thumb Code     0  startup_stm32f10x_hd.o(.text)
    CAN1_RX1_IRQHandler                      0x0800e3c7   Thumb Code     0  startup_stm32f10x_hd.o(.text)
    CAN1_SCE_IRQHandler                      0x0800e3c7   Thumb Code     0  startup_stm32f10x_hd.o(.text)
    DMA1_Channel1_IRQHandler                 0x0800e3c7   Thumb Code     0  startup_stm32f10x_hd.o(.text)
    DMA1_Channel3_IRQHandler                 0x0800e3c7   Thumb Code     0  startup_stm32f10x_hd.o(.text)
    DMA1_Channel4_IRQHandler                 0x0800e3c7   Thumb Code     0  startup_stm32f10x_hd.o(.text)
    DMA1_Channel5_IRQHandler                 0x0800e3c7   Thumb Code     0  startup_stm32f10x_hd.o(.text)
    DMA1_Channel6_IRQHandler                 0x0800e3c7   Thumb Code     0  startup_stm32f10x_hd.o(.text)
    DMA1_Channel7_IRQHandler                 0x0800e3c7   Thumb Code     0  startup_stm32f10x_hd.o(.text)
    DMA2_Channel1_IRQHandler                 0x0800e3c7   Thumb Code     0  startup_stm32f10x_hd.o(.text)
    DMA2_Channel2_IRQHandler                 0x0800e3c7   Thumb Code     0  startup_stm32f10x_hd.o(.text)
    DMA2_Channel3_IRQHandler                 0x0800e3c7   Thumb Code     0  startup_stm32f10x_hd.o(.text)
    DMA2_Channel4_5_IRQHandler               0x0800e3c7   Thumb Code     0  startup_stm32f10x_hd.o(.text)
    EXTI0_IRQHandler                         0x0800e3c7   Thumb Code     0  startup_stm32f10x_hd.o(.text)
    EXTI15_10_IRQHandler                     0x0800e3c7   Thumb Code     0  startup_stm32f10x_hd.o(.text)
    EXTI1_IRQHandler                         0x0800e3c7   Thumb Code     0  startup_stm32f10x_hd.o(.text)
    EXTI2_IRQHandler                         0x0800e3c7   Thumb Code     0  startup_stm32f10x_hd.o(.text)
    EXTI3_IRQHandler                         0x0800e3c7   Thumb Code     0  startup_stm32f10x_hd.o(.text)
    EXTI4_IRQHandler                         0x0800e3c7   Thumb Code     0  startup_stm32f10x_hd.o(.text)
    EXTI9_5_IRQHandler                       0x0800e3c7   Thumb Code     0  startup_stm32f10x_hd.o(.text)
    FLASH_IRQHandler                         0x0800e3c7   Thumb Code     0  startup_stm32f10x_hd.o(.text)
    FSMC_IRQHandler                          0x0800e3c7   Thumb Code     0  startup_stm32f10x_hd.o(.text)
    I2C1_ER_IRQHandler                       0x0800e3c7   Thumb Code     0  startup_stm32f10x_hd.o(.text)
    I2C1_EV_IRQHandler                       0x0800e3c7   Thumb Code     0  startup_stm32f10x_hd.o(.text)
    I2C2_ER_IRQHandler                       0x0800e3c7   Thumb Code     0  startup_stm32f10x_hd.o(.text)
    I2C2_EV_IRQHandler                       0x0800e3c7   Thumb Code     0  startup_stm32f10x_hd.o(.text)
    PVD_IRQHandler                           0x0800e3c7   Thumb Code     0  startup_stm32f10x_hd.o(.text)
    RCC_IRQHandler                           0x0800e3c7   Thumb Code     0  startup_stm32f10x_hd.o(.text)
    RTCAlarm_IRQHandler                      0x0800e3c7   Thumb Code     0  startup_stm32f10x_hd.o(.text)
    RTC_IRQHandler                           0x0800e3c7   Thumb Code     0  startup_stm32f10x_hd.o(.text)
    SDIO_IRQHandler                          0x0800e3c7   Thumb Code     0  startup_stm32f10x_hd.o(.text)
    SPI1_IRQHandler                          0x0800e3c7   Thumb Code     0  startup_stm32f10x_hd.o(.text)
    SPI2_IRQHandler                          0x0800e3c7   Thumb Code     0  startup_stm32f10x_hd.o(.text)
    SPI3_IRQHandler                          0x0800e3c7   Thumb Code     0  startup_stm32f10x_hd.o(.text)
    TAMPER_IRQHandler                        0x0800e3c7   Thumb Code     0  startup_stm32f10x_hd.o(.text)
    TIM1_BRK_IRQHandler                      0x0800e3c7   Thumb Code     0  startup_stm32f10x_hd.o(.text)
    TIM1_CC_IRQHandler                       0x0800e3c7   Thumb Code     0  startup_stm32f10x_hd.o(.text)
    TIM1_TRG_COM_IRQHandler                  0x0800e3c7   Thumb Code     0  startup_stm32f10x_hd.o(.text)
    TIM1_UP_IRQHandler                       0x0800e3c7   Thumb Code     0  startup_stm32f10x_hd.o(.text)
    TIM2_IRQHandler                          0x0800e3c7   Thumb Code     0  startup_stm32f10x_hd.o(.text)
    TIM3_IRQHandler                          0x0800e3c7   Thumb Code     0  startup_stm32f10x_hd.o(.text)
    TIM4_IRQHandler                          0x0800e3c7   Thumb Code     0  startup_stm32f10x_hd.o(.text)
    TIM5_IRQHandler                          0x0800e3c7   Thumb Code     0  startup_stm32f10x_hd.o(.text)
    TIM6_IRQHandler                          0x0800e3c7   Thumb Code     0  startup_stm32f10x_hd.o(.text)
    TIM7_IRQHandler                          0x0800e3c7   Thumb Code     0  startup_stm32f10x_hd.o(.text)
    TIM8_BRK_IRQHandler                      0x0800e3c7   Thumb Code     0  startup_stm32f10x_hd.o(.text)
    TIM8_CC_IRQHandler                       0x0800e3c7   Thumb Code     0  startup_stm32f10x_hd.o(.text)
    TIM8_TRG_COM_IRQHandler                  0x0800e3c7   Thumb Code     0  startup_stm32f10x_hd.o(.text)
    TIM8_UP_IRQHandler                       0x0800e3c7   Thumb Code     0  startup_stm32f10x_hd.o(.text)
    UART4_IRQHandler                         0x0800e3c7   Thumb Code     0  startup_stm32f10x_hd.o(.text)
    UART5_IRQHandler                         0x0800e3c7   Thumb Code     0  startup_stm32f10x_hd.o(.text)
    USBWakeUp_IRQHandler                     0x0800e3c7   Thumb Code     0  startup_stm32f10x_hd.o(.text)
    USB_HP_CAN1_TX_IRQHandler                0x0800e3c7   Thumb Code     0  startup_stm32f10x_hd.o(.text)
    USB_LP_CAN1_RX0_IRQHandler               0x0800e3c7   Thumb Code     0  startup_stm32f10x_hd.o(.text)
    WWDG_IRQHandler                          0x0800e3c7   Thumb Code     0  startup_stm32f10x_hd.o(.text)
    __user_initial_stackheap                 0x0800e3c9   Thumb Code     0  startup_stm32f10x_hd.o(.text)
    __rt_ctype_table                         0x0800e3ed   Thumb Code    16  rt_ctype_table.o(.text)
    atoi                                     0x0800e3fd   Thumb Code    26  atoi.o(.text)
    strlen                                   0x0800e417   Thumb Code    62  strlen.o(.text)
    strncmp                                  0x0800e455   Thumb Code   150  strncmp.o(.text)
    __aeabi_memcpy                           0x0800e4eb   Thumb Code     0  rt_memcpy_v6.o(.text)
    __rt_memcpy                              0x0800e4eb   Thumb Code   138  rt_memcpy_v6.o(.text)
    _memcpy_lastbytes                        0x0800e551   Thumb Code     0  rt_memcpy_v6.o(.text)
    __aeabi_memcpy4                          0x0800e575   Thumb Code     0  rt_memcpy_w.o(.text)
    __aeabi_memcpy8                          0x0800e575   Thumb Code     0  rt_memcpy_w.o(.text)
    __rt_memcpy_w                            0x0800e575   Thumb Code   100  rt_memcpy_w.o(.text)
    _memcpy_lastbytes_aligned                0x0800e5bd   Thumb Code     0  rt_memcpy_w.o(.text)
    __aeabi_memclr                           0x0800e5d9   Thumb Code     0  rt_memclr.o(.text)
    __rt_memclr                              0x0800e5d9   Thumb Code    68  rt_memclr.o(.text)
    _memset                                  0x0800e5dd   Thumb Code     0  rt_memclr.o(.text)
    __aeabi_memclr4                          0x0800e61d   Thumb Code     0  rt_memclr_w.o(.text)
    __aeabi_memclr8                          0x0800e61d   Thumb Code     0  rt_memclr_w.o(.text)
    __rt_memclr_w                            0x0800e61d   Thumb Code    78  rt_memclr_w.o(.text)
    _memset_w                                0x0800e621   Thumb Code     0  rt_memclr_w.o(.text)
    strncpy                                  0x0800e66b   Thumb Code    86  strncpy.o(.text)
    ctime                                    0x0800e6c1   Thumb Code    14  ctime.o(.text)
    localtime                                0x0800e6d1   Thumb Code     6  localtime.o(.text)
    mktime                                   0x0800e713   Thumb Code   354  mktime.o(.text)
    __use_two_region_memory                  0x0800e87d   Thumb Code     2  heapauxi.o(.text)
    __rt_heap_escrow$2region                 0x0800e87f   Thumb Code     2  heapauxi.o(.text)
    __rt_heap_expand$2region                 0x0800e881   Thumb Code     2  heapauxi.o(.text)
    __rt_locale                              0x0800e885   Thumb Code     8  rt_locale_intlibspace.o(.text)
    __aeabi_errno_addr                       0x0800e88d   Thumb Code     8  rt_errno_addr_intlibspace.o(.text)
    __errno$intlibspace                      0x0800e88d   Thumb Code     0  rt_errno_addr_intlibspace.o(.text)
    __rt_errno_addr$intlibspace              0x0800e88d   Thumb Code     0  rt_errno_addr_intlibspace.o(.text)
    strtol                                   0x0800e895   Thumb Code   112  strtol.o(.text)
    asctime                                  0x0800e905   Thumb Code     6  asctime.o(.text)
    _localtime_r                             0x0800e911   Thumb Code   158  localtime_internal.o(.text)
    _n$localtime_r                           0x0800e911   Thumb Code     0  localtime_internal.o(.text)
    __user_libspace                          0x0800e9b5   Thumb Code     8  libspace.o(.text)
    __user_perproc_libspace                  0x0800e9b5   Thumb Code     0  libspace.o(.text)
    __user_perthread_libspace                0x0800e9b5   Thumb Code     0  libspace.o(.text)
    _strtoul                                 0x0800e9bd   Thumb Code   158  _strtoul.o(.text)
    _asctime_r                               0x0800ea5d   Thumb Code    78  asctime_internal.o(.text)
    _n$asctime_r                             0x0800ea5d   Thumb Code     0  asctime_internal.o(.text)
    __user_setup_stackheap                   0x0800eac9   Thumb Code    74  sys_stackheap_outer.o(.text)
    sprintf                                  0x0800eb15   Thumb Code    38  sprintf.o(.text)
    _chval                                   0x0800eb41   Thumb Code    28  _chval.o(.text)
    exit                                     0x0800eb5d   Thumb Code    12  exit.o(.text)
    _printf_pre_padding                      0x0800eb69   Thumb Code    46  _printf_pad.o(.text)
    _printf_post_padding                     0x0800eb97   Thumb Code    36  _printf_pad.o(.text)
    _printf_truncate_signed                  0x0800ebbb   Thumb Code    18  _printf_truncate.o(.text)
    _printf_truncate_unsigned                0x0800ebcd   Thumb Code    18  _printf_truncate.o(.text)
    _printf_str                              0x0800ebdf   Thumb Code    82  _printf_str.o(.text)
    _printf_int_dec                          0x0800ec31   Thumb Code   102  _printf_dec.o(.text)
    _printf_charcount                        0x0800eca9   Thumb Code    42  _printf_charcount.o(.text)
    _printf_char_common                      0x0800ecdf   Thumb Code    32  _printf_char_common.o(.text)
    _sputc                                   0x0800ed05   Thumb Code    10  _sputc.o(.text)
    _printf_wctomb                           0x0800ed11   Thumb Code   182  _printf_wctomb.o(.text)
    _printf_longlong_dec                     0x0800edcd   Thumb Code   104  _printf_longlong_dec.o(.text)
    _printf_longlong_oct                     0x0800ee45   Thumb Code    76  _printf_oct_int_ll.o(.text)
    _printf_int_oct                          0x0800ee91   Thumb Code    24  _printf_oct_int_ll.o(.text)
    _printf_ll_oct                           0x0800eea9   Thumb Code    12  _printf_oct_int_ll.o(.text)
    _printf_longlong_hex                     0x0800eebd   Thumb Code    92  _printf_hex_int_ll_ptr.o(.text)
    _printf_int_hex                          0x0800ef19   Thumb Code    28  _printf_hex_int_ll_ptr.o(.text)
    _printf_ll_hex                           0x0800ef35   Thumb Code    12  _printf_hex_int_ll_ptr.o(.text)
    _printf_hex_ptr                          0x0800ef41   Thumb Code    18  _printf_hex_int_ll_ptr.o(.text)
    __printf                                 0x0800ef59   Thumb Code   390  __printf_flags_ss_wp.o(.text)
    __rt_fp_status_addr                      0x0800f0e5   Thumb Code     8  rt_fp_status_addr_intlibspace.o(.text)
    _ll_udiv10                               0x0800f0ed   Thumb Code   138  lludiv10.o(.text)
    _printf_int_common                       0x0800f177   Thumb Code   184  _printf_intcommon.o(.text)
    __lib_sel_fp_printf                      0x0800f22f   Thumb Code     2  _printf_fp_dec.o(.text)
    _printf_fp_dec_real                      0x0800f3db   Thumb Code   626  _printf_fp_dec.o(.text)
    _printf_fp_hex_real                      0x0800f64d   Thumb Code   766  _printf_fp_hex.o(.text)
    _printf_cs_common                        0x0800f955   Thumb Code    20  _printf_char.o(.text)
    _printf_char                             0x0800f969   Thumb Code    16  _printf_char.o(.text)
    _printf_string                           0x0800f979   Thumb Code     8  _printf_char.o(.text)
    _printf_lcs_common                       0x0800f981   Thumb Code    20  _printf_wchar.o(.text)
    _printf_wchar                            0x0800f995   Thumb Code    16  _printf_wchar.o(.text)
    _printf_wstring                          0x0800f9a5   Thumb Code     8  _printf_wchar.o(.text)
    _wcrtomb                                 0x0800f9ad   Thumb Code    64  _wcrtomb.o(.text)
    _sys_exit                                0x0800f9ed   Thumb Code     8  sys_exit.o(.text)
    __I$use$semihosting                      0x0800f9f9   Thumb Code     0  use_no_semi.o(.text)
    __use_no_semihosting_swi                 0x0800f9f9   Thumb Code     2  use_no_semi.o(.text)
    __semihosting_library_function           0x0800f9fb   Thumb Code     0  indicate_semi.o(.text)
    _printf_fp_infnan                        0x0800f9fd   Thumb Code   112  _printf_fp_infnan.o(.text)
    _btod_etento                             0x0800fa7d   Thumb Code   222  bigflt0.o(.text)
    _btod_d2e                                0x0800fb61   Thumb Code    62  btod.o(CL$$btod_d2e)
    _d2e_denorm_low                          0x0800fb9f   Thumb Code    70  btod.o(CL$$btod_d2e_denorm_low)
    _d2e_norm_op1                            0x0800fbe5   Thumb Code    96  btod.o(CL$$btod_d2e_norm_op1)
    __btod_div_common                        0x0800fc45   Thumb Code   696  btod.o(CL$$btod_div_common)
    _e2e                                     0x0800ff7d   Thumb Code   198  btod.o(CL$$btod_e2e)
    _btod_ediv                               0x08010043   Thumb Code    40  btod.o(CL$$btod_ediv)
    _btod_emul                               0x0801006b   Thumb Code    40  btod.o(CL$$btod_emul)
    __btod_mult_common                       0x08010093   Thumb Code   580  btod.o(CL$$btod_mult_common)
    __ARM_fpclassify                         0x080102d7   Thumb Code    40  fpclassify.o(i.__ARM_fpclassify)
    _is_digit                                0x080102ff   Thumb Code    14  __printf_wp.o(i._is_digit)
    _get_lc_ctype                            0x0801030d   Thumb Code    44  lc_ctype_c.o(locale$$code)
    _get_lc_time                             0x08010339   Thumb Code    44  lc_time_c.o(locale$$code)
    _get_lc_numeric                          0x08010365   Thumb Code    44  lc_numeric_c.o(locale$$code)
    _fp_init                                 0x08010391   Thumb Code    14  fpinit.o(x$fpl$fpinit)
    __fplib_config_pureend_doubles           0x0801039d   Thumb Code     0  fpinit.o(x$fpl$fpinit)
    _printf_fp_dec                           0x0801039f   Thumb Code     4  printf1.o(x$fpl$printf1)
    _printf_fp_hex                           0x080103a3   Thumb Code     4  printf2.o(x$fpl$printf2)
    __I$use$fp                               0x080103a7   Thumb Code     0  usenofp.o(x$fpl$usenofp)
    __fsym_set_date_name                     0x080103a6   Data           9  rtc.o(.constdata)
    __fsym_set_date_desc                     0x080103af   Data          35  rtc.o(.constdata)
    __fsym_set_time_name                     0x080103d2   Data           9  rtc.o(.constdata)
    __fsym_set_time_desc                     0x080103db   Data          34  rtc.o(.constdata)
    __fsym_list_date_name                    0x080103fd   Data          10  rtc.o(.constdata)
    __fsym_list_date_desc                    0x08010407   Data          20  rtc.o(.constdata)
    __fsym_led_name                          0x080104af   Data           4  led.o(.constdata)
    __fsym_led_desc                          0x080104b3   Data          32  led.o(.constdata)
    __fsym_list_mem_name                     0x0801077c   Data           9  mem.o(.constdata)
    __fsym_list_mem_desc                     0x08010785   Data          30  mem.o(.constdata)
    rt_lowest_bitmap                         0x08010978   Data         256  scheduler.o(.constdata)
    __fsym_hello_name                        0x08010be0   Data           6  cmd.o(.constdata)
    __fsym_hello_desc                        0x08010be6   Data          16  cmd.o(.constdata)
    __fsym_version_name                      0x08010bf6   Data           8  cmd.o(.constdata)
    __fsym_version_desc                      0x08010bfe   Data          35  cmd.o(.constdata)
    __fsym_list_thread_name                  0x08010c21   Data          12  cmd.o(.constdata)
    __fsym_list_thread_desc                  0x08010c2d   Data          12  cmd.o(.constdata)
    __fsym_list_sem_name                     0x08010c39   Data           9  cmd.o(.constdata)
    __fsym_list_sem_desc                     0x08010c42   Data          25  cmd.o(.constdata)
    __fsym_list_event_name                   0x08010c5b   Data          11  cmd.o(.constdata)
    __fsym_list_event_desc                   0x08010c66   Data          21  cmd.o(.constdata)
    __fsym_list_mutex_name                   0x08010c7b   Data          11  cmd.o(.constdata)
    __fsym_list_mutex_desc                   0x08010c86   Data          21  cmd.o(.constdata)
    __fsym_list_mailbox_name                 0x08010c9b   Data          13  cmd.o(.constdata)
    __fsym_list_mailbox_desc                 0x08010ca8   Data          24  cmd.o(.constdata)
    __fsym_list_msgqueue_name                0x08010cc0   Data          14  cmd.o(.constdata)
    __fsym_list_msgqueue_desc                0x08010cce   Data          29  cmd.o(.constdata)
    __fsym_list_mempool_name                 0x08010ceb   Data          13  cmd.o(.constdata)
    __fsym_list_mempool_desc                 0x08010cf8   Data          27  cmd.o(.constdata)
    __fsym_list_timer_name                   0x08010d13   Data          11  cmd.o(.constdata)
    __fsym_list_timer_desc                   0x08010d1e   Data          21  cmd.o(.constdata)
    __fsym_list_device_name                  0x08010d33   Data          12  cmd.o(.constdata)
    __fsym_list_device_desc                  0x08010d3f   Data          22  cmd.o(.constdata)
    __fsym_list_name                         0x08010d55   Data           5  cmd.o(.constdata)
    __fsym_list_desc                         0x08010d5a   Data          26  cmd.o(.constdata)
    __vsym_dummy_name                        0x08010d74   Data           6  cmd.o(.constdata)
    __vsym_dummy_desc                        0x08010d7a   Data          25  cmd.o(.constdata)
    op_table                                 0x08010e68   Data         196  finsh_ops.o(.constdata)
    _monlen                                  0x08010fb9   Data          12  _monlen.o(.constdata)
    FSymTab$$Base                            0x0801128c   Number         0  rtc.o(FSymTab)
    __fsym_set_date                          0x0801128c   Data          12  rtc.o(FSymTab)
    __fsym_set_time                          0x08011298   Data          12  rtc.o(FSymTab)
    __fsym_list_date                         0x080112a4   Data          12  rtc.o(FSymTab)
    __fsym_led                               0x080112b0   Data          12  led.o(FSymTab)
    __fsym_list_mem                          0x080112bc   Data          12  mem.o(FSymTab)
    __fsym_hello                             0x080112c8   Data          12  cmd.o(FSymTab)
    __fsym_version                           0x080112d4   Data          12  cmd.o(FSymTab)
    __fsym_list_thread                       0x080112e0   Data          12  cmd.o(FSymTab)
    __fsym_list_sem                          0x080112ec   Data          12  cmd.o(FSymTab)
    __fsym_list_event                        0x080112f8   Data          12  cmd.o(FSymTab)
    __fsym_list_mutex                        0x08011304   Data          12  cmd.o(FSymTab)
    __fsym_list_mailbox                      0x08011310   Data          12  cmd.o(FSymTab)
    __fsym_list_msgqueue                     0x0801131c   Data          12  cmd.o(FSymTab)
    __fsym_list_mempool                      0x08011328   Data          12  cmd.o(FSymTab)
    __fsym_list_timer                        0x08011334   Data          12  cmd.o(FSymTab)
    __fsym_list_device                       0x08011340   Data          12  cmd.o(FSymTab)
    __fsym_list                              0x0801134c   Data          12  cmd.o(FSymTab)
    FSymTab$$Limit                           0x08011358   Number         0  cmd.o(FSymTab)
    Region$$Table$$Base                      0x08011358   Number         0  anon$$obj.o(Region$$Table)
    Region$$Table$$Limit                     0x08011378   Number         0  anon$$obj.o(Region$$Table)
    VSymTab$$Base                            0x08011378   Number         0  cmd.o(VSymTab)
    __vsym_dummy                             0x08011378   Data          16  cmd.o(VSymTab)
    VSymTab$$Limit                           0x08011388   Number         0  cmd.o(VSymTab)
    __ctype                                  0x08011395   Data           0  lc_ctype_c.o(locale$$data)
    uart1                                    0x20000000   Data          12  usart.o(.data)
    rt_interrupt_nest                        0x20000018   Data           1  irq.o(.data)
    rt_object_container                      0x2000004c   Data         144  object.o(.data)
    rt_object_trytake_hook                   0x200000e4   Data           4  object.o(.data)
    rt_object_take_hook                      0x200000e8   Data           4  object.o(.data)
    rt_object_put_hook                       0x200000ec   Data           4  object.o(.data)
    rt_current_thread                        0x200000f4   Data           4  scheduler.o(.data)
    rt_current_priority                      0x200000f8   Data           1  scheduler.o(.data)
    rt_thread_ready_priority_group           0x200000fc   Data           4  scheduler.o(.data)
    rt_thread_defunct                        0x20000100   Data           8  scheduler.o(.data)
    rt_interrupt_from_thread                 0x2000011c   Data           4  cpuport.o(.data)
    rt_interrupt_to_thread                   0x20000120   Data           4  cpuport.o(.data)
    rt_thread_switch_interrupt_flag          0x20000124   Data           4  cpuport.o(.data)
    finsh_compile_sp                         0x2000012c   Data           4  finsh_compiler.o(.data)
    finsh_compile_pc                         0x20000130   Data           4  finsh_compiler.o(.data)
    global_errno                             0x20000170   Data           1  finsh_error.o(.data)
    global_sysvar_list                       0x2000017c   Data           4  finsh_var.o(.data)
    global_syscall_list                      0x20000180   Data           4  finsh_vm.o(.data)
    finsh_sp                                 0x20000184   Data           4  finsh_vm.o(.data)
    finsh_pc                                 0x20000188   Data           4  finsh_vm.o(.data)
    shell                                    0x2000018c   Data           4  shell.o(.data)
    _syscall_table_begin                     0x20000190   Data           4  symbol.o(.data)
    _syscall_table_end                       0x20000194   Data           4  symbol.o(.data)
    _sysvar_table_begin                      0x20000198   Data           4  symbol.o(.data)
    _sysvar_table_end                        0x2000019c   Data           4  symbol.o(.data)
    SystemCoreClock                          0x200001a0   Data           4  system_stm32f10x.o(.data)
    AHBPrescTable                            0x200001a4   Data          16  system_stm32f10x.o(.data)
    uart1_int_rx                             0x20000488   Data          72  usart.o(.bss)
    uart1_device                             0x200004d0   Data          64  usart.o(.bss)
    rt_thread_priority_table                 0x20000730   Data         256  scheduler.o(.bss)
    finsh_heap                               0x20000830   Data         128  finsh_heap.o(.bss)
    global_node_table                        0x200008b0   Data         320  finsh_node.o(.bss)
    global_variable                          0x200009f0   Data         192  finsh_var.o(.bss)
    finsh_vm_stack                           0x20000ab0   Data         256  finsh_vm.o(.bss)
    text_segment                             0x20000bb0   Data         128  finsh_vm.o(.bss)
    __libspace_start                         0x20001520   Data          96  libspace.o(.bss)
    __temporary_stack_top$libspace           0x20001580   Data           0  libspace.o(.bss)
    Image$$RW_IRAM1$$ZI$$Limit               0x20001b80   Number         0  startup_stm32f10x_hd.o(STACK)



==============================================================================

Memory Map of the image

  Image Entry point : 0x08000131

  Load Region LR_IROM1 (Base: 0x08000000, Size: 0x000117f4, Max: 0x00080000, ABSOLUTE, COMPRESSED[0x000116d8])

    Execution Region ER_IROM1 (Base: 0x08000000, Size: 0x0001162c, Max: 0x00080000, ABSOLUTE)

    Base Addr    Size         Type   Attr      Idx    E Section Name        Object

    0x08000000   0x00000130   Data   RO         1114    RESET               startup_stm32f10x_hd.o
    0x08000130   0x00000008   Code   RO         1148  * !!!main             c_w.l(__main.o)
    0x08000138   0x00000034   Code   RO         1491    !!!scatter          c_w.l(__scatter.o)
    0x0800016c   0x0000005a   Code   RO         1489    !!dczerorl2         c_w.l(__dczerorl2.o)
    0x080001c6   0x00000002   PAD
    0x080001c8   0x0000001c   Code   RO         1493    !!handler_zi        c_w.l(__scatter_zi.o)
    0x080001e4   0x00000000   Code   RO         1337    .ARM.Collect$$_printf_percent$$00000000  c_w.l(_printf_percent.o)
    0x080001e4   0x00000006   Code   RO         1326    .ARM.Collect$$_printf_percent$$00000001  c_w.l(_printf_n.o)
    0x080001ea   0x00000006   Code   RO         1328    .ARM.Collect$$_printf_percent$$00000002  c_w.l(_printf_p.o)
    0x080001f0   0x00000006   Code   RO         1333    .ARM.Collect$$_printf_percent$$00000003  c_w.l(_printf_f.o)
    0x080001f6   0x00000006   Code   RO         1334    .ARM.Collect$$_printf_percent$$00000004  c_w.l(_printf_e.o)
    0x080001fc   0x00000006   Code   RO         1335    .ARM.Collect$$_printf_percent$$00000005  c_w.l(_printf_g.o)
    0x08000202   0x00000006   Code   RO         1336    .ARM.Collect$$_printf_percent$$00000006  c_w.l(_printf_a.o)
    0x08000208   0x0000000a   Code   RO         1341    .ARM.Collect$$_printf_percent$$00000007  c_w.l(_printf_ll.o)
    0x08000212   0x00000006   Code   RO         1330    .ARM.Collect$$_printf_percent$$00000008  c_w.l(_printf_i.o)
    0x08000218   0x00000006   Code   RO         1331    .ARM.Collect$$_printf_percent$$00000009  c_w.l(_printf_d.o)
    0x0800021e   0x00000006   Code   RO         1332    .ARM.Collect$$_printf_percent$$0000000A  c_w.l(_printf_u.o)
    0x08000224   0x00000006   Code   RO         1329    .ARM.Collect$$_printf_percent$$0000000B  c_w.l(_printf_o.o)
    0x0800022a   0x00000006   Code   RO         1327    .ARM.Collect$$_printf_percent$$0000000C  c_w.l(_printf_x.o)
    0x08000230   0x00000006   Code   RO         1338    .ARM.Collect$$_printf_percent$$0000000D  c_w.l(_printf_lli.o)
    0x08000236   0x00000006   Code   RO         1339    .ARM.Collect$$_printf_percent$$0000000E  c_w.l(_printf_lld.o)
    0x0800023c   0x00000006   Code   RO         1340    .ARM.Collect$$_printf_percent$$0000000F  c_w.l(_printf_llu.o)
    0x08000242   0x00000006   Code   RO         1345    .ARM.Collect$$_printf_percent$$00000010  c_w.l(_printf_llo.o)
    0x08000248   0x00000006   Code   RO         1346    .ARM.Collect$$_printf_percent$$00000011  c_w.l(_printf_llx.o)
    0x0800024e   0x0000000a   Code   RO         1342    .ARM.Collect$$_printf_percent$$00000012  c_w.l(_printf_l.o)
    0x08000258   0x00000006   Code   RO         1324    .ARM.Collect$$_printf_percent$$00000013  c_w.l(_printf_c.o)
    0x0800025e   0x00000006   Code   RO         1325    .ARM.Collect$$_printf_percent$$00000014  c_w.l(_printf_s.o)
    0x08000264   0x00000006   Code   RO         1343    .ARM.Collect$$_printf_percent$$00000015  c_w.l(_printf_lc.o)
    0x0800026a   0x00000006   Code   RO         1344    .ARM.Collect$$_printf_percent$$00000016  c_w.l(_printf_ls.o)
    0x08000270   0x00000004   Code   RO         1392    .ARM.Collect$$_printf_percent$$00000017  c_w.l(_printf_percent_end.o)
    0x08000274   0x00000006   Code   RO         1253    .ARM.Collect$$libinit$$00000000  c_w.l(libinit.o)
    0x0800027a   0x00000000   Code   RO         1196    .ARM.Collect$$libinit$$00000006  c_w.l(libinit2.o)
    0x0800027a   0x00000000   Code   RO         1198    .ARM.Collect$$libinit$$00000008  c_w.l(libinit2.o)
    0x0800027a   0x00000000   Code   RO         1200    .ARM.Collect$$libinit$$0000000A  c_w.l(libinit2.o)
    0x0800027a   0x00000006   Code   RO         1201    .ARM.Collect$$libinit$$0000000B  c_w.l(libinit2.o)
    0x08000280   0x00000000   Code   RO         1203    .ARM.Collect$$libinit$$0000000D  c_w.l(libinit2.o)
    0x08000280   0x0000000c   Code   RO         1204    .ARM.Collect$$libinit$$0000000E  c_w.l(libinit2.o)
    0x0800028c   0x00000000   Code   RO         1205    .ARM.Collect$$libinit$$0000000F  c_w.l(libinit2.o)
    0x0800028c   0x00000000   Code   RO         1207    .ARM.Collect$$libinit$$00000011  c_w.l(libinit2.o)
    0x0800028c   0x0000000a   Code   RO         1208    .ARM.Collect$$libinit$$00000012  c_w.l(libinit2.o)
    0x08000296   0x00000000   Code   RO         1209    .ARM.Collect$$libinit$$00000013  c_w.l(libinit2.o)
    0x08000296   0x0000000a   Code   RO         1210    .ARM.Collect$$libinit$$00000014  c_w.l(libinit2.o)
    0x080002a0   0x00000000   Code   RO         1211    .ARM.Collect$$libinit$$00000015  c_w.l(libinit2.o)
    0x080002a0   0x00000000   Code   RO         1213    .ARM.Collect$$libinit$$00000017  c_w.l(libinit2.o)
    0x080002a0   0x00000000   Code   RO         1215    .ARM.Collect$$libinit$$00000019  c_w.l(libinit2.o)
    0x080002a0   0x00000000   Code   RO         1217    .ARM.Collect$$libinit$$0000001B  c_w.l(libinit2.o)
    0x080002a0   0x00000000   Code   RO         1219    .ARM.Collect$$libinit$$0000001D  c_w.l(libinit2.o)
    0x080002a0   0x00000000   Code   RO         1221    .ARM.Collect$$libinit$$0000001F  c_w.l(libinit2.o)
    0x080002a0   0x00000000   Code   RO         1223    .ARM.Collect$$libinit$$00000021  c_w.l(libinit2.o)
    0x080002a0   0x00000000   Code   RO         1227    .ARM.Collect$$libinit$$00000028  c_w.l(libinit2.o)
    0x080002a0   0x00000000   Code   RO         1229    .ARM.Collect$$libinit$$0000002A  c_w.l(libinit2.o)
    0x080002a0   0x00000000   Code   RO         1231    .ARM.Collect$$libinit$$0000002C  c_w.l(libinit2.o)
    0x080002a0   0x00000000   Code   RO         1233    .ARM.Collect$$libinit$$0000002E  c_w.l(libinit2.o)
    0x080002a0   0x00000002   Code   RO         1234    .ARM.Collect$$libinit$$0000002F  c_w.l(libinit2.o)
    0x080002a2   0x00000002   Code   RO         1442    .ARM.Collect$$libshutdown$$00000000  c_w.l(libshutdown.o)
    0x080002a4   0x00000000   Code   RO         1454    .ARM.Collect$$libshutdown$$00000003  c_w.l(libshutdown2.o)
    0x080002a4   0x00000000   Code   RO         1457    .ARM.Collect$$libshutdown$$00000006  c_w.l(libshutdown2.o)
    0x080002a4   0x00000000   Code   RO         1460    .ARM.Collect$$libshutdown$$00000009  c_w.l(libshutdown2.o)
    0x080002a4   0x00000000   Code   RO         1462    .ARM.Collect$$libshutdown$$0000000B  c_w.l(libshutdown2.o)
    0x080002a4   0x00000000   Code   RO         1465    .ARM.Collect$$libshutdown$$0000000E  c_w.l(libshutdown2.o)
    0x080002a4   0x00000002   Code   RO         1466    .ARM.Collect$$libshutdown$$0000000F  c_w.l(libshutdown2.o)
    0x080002a6   0x00000000   Code   RO         1150    .ARM.Collect$$rtentry$$00000000  c_w.l(rtentry.o)
    0x080002a6   0x00000000   Code   RO         1176    .ARM.Collect$$rtentry$$00000002  c_w.l(rtentry2.o)
    0x080002a6   0x00000006   Code   RO         1188    .ARM.Collect$$rtentry$$00000004  c_w.l(rtentry4.o)
    0x080002ac   0x00000000   Code   RO         1178    .ARM.Collect$$rtentry$$00000009  c_w.l(rtentry2.o)
    0x080002ac   0x00000004   Code   RO         1179    .ARM.Collect$$rtentry$$0000000A  c_w.l(rtentry2.o)
    0x080002b0   0x00000000   Code   RO         1181    .ARM.Collect$$rtentry$$0000000C  c_w.l(rtentry2.o)
    0x080002b0   0x00000008   Code   RO         1182    .ARM.Collect$$rtentry$$0000000D  c_w.l(rtentry2.o)
    0x080002b8   0x00000002   Code   RO         1254    .ARM.Collect$$rtexit$$00000000  c_w.l(rtexit.o)
    0x080002ba   0x00000000   Code   RO         1364    .ARM.Collect$$rtexit$$00000002  c_w.l(rtexit2.o)
    0x080002ba   0x00000004   Code   RO         1365    .ARM.Collect$$rtexit$$00000003  c_w.l(rtexit2.o)
    0x080002be   0x00000006   Code   RO         1366    .ARM.Collect$$rtexit$$00000004  c_w.l(rtexit2.o)
    0x080002c4   0x00000094   Code   RO            1    .text               application.o
    0x08000358   0x000000d4   Code   RO           44    .text               startup.o
    0x0800042c   0x000000a8   Code   RO          152    .text               board.o
    0x080004d4   0x00000038   Code   RO          168    .text               stm32f10x_it.o
    0x0800050c   0x000002d8   Code   RO          184    .text               rtc.o
    0x080007e4   0x00000110   Code   RO          218    .text               usart.o
    0x080008f4   0x00000654   Code   RO          240    .text               serial.o
    0x08000f48   0x000000e8   Code   RO          256    .text               led.o
    0x08001030   0x00000068   Code   RO          279    .text               clock.o
    0x08001098   0x000003c4   Code   RO          293    .text               device.o
    0x0800145c   0x0000016c   Code   RO          307    .text               idle.o
    0x080015c8   0x000018a8   Code   RO          327    .text               ipc.o
    0x08002e70   0x0000004c   Code   RO          344    .text               irq.o
    0x08002ebc   0x000009fc   Code   RO          359    .text               kservice.o
    0x080038b8   0x000009dc   Code   RO          375    .text               mem.o
    0x08004294   0x0000048e   Code   RO          399    .text               mempool.o
    0x08004722   0x00000002   PAD
    0x08004724   0x00000348   Code   RO          417    .text               object.o
    0x08004a6c   0x000003f4   Code   RO          437    .text               scheduler.o
    0x08004e60   0x000006cc   Code   RO          458    .text               thread.o
    0x0800552c   0x00000438   Code   RO          475    .text               timer.o
    0x08005964   0x000001c4   Code   RO          494    .text               cpuport.o
    0x08005b28   0x000000c4   Code   RO          510    .text               context_rvds.o
    0x08005bec   0x00000bb8   Code   RO          549    .text               cmd.o
    0x080067a4   0x00001b50   Code   RO          572    .text               finsh_compiler.o
    0x080082f4   0x00000030   Code   RO          609    .text               finsh_error.o
    0x08008324   0x0000022c   Code   RO          625    .text               finsh_heap.o
    0x08008550   0x00000058   Code   RO          641    .text               finsh_init.o
    0x080085a8   0x0000019c   Code   RO          659    .text               finsh_node.o
    0x08008744   0x00000b74   Code   RO          674    .text               finsh_ops.o
    0x080092b8   0x00000a1e   Code   RO          692    .text               finsh_parser.o
    0x08009cd6   0x00000002   PAD
    0x08009cd8   0x000006d4   Code   RO          707    .text               finsh_token.o
    0x0800a3ac   0x000001ac   Code   RO          722    .text               finsh_var.o
    0x0800a558   0x000000ec   Code   RO          745    .text               finsh_vm.o
    0x0800a644   0x000007d0   Code   RO          772    .text               shell.o
    0x0800ae14   0x000001e0   Code   RO          816    .text               system_stm32f10x.o
    0x0800aff4   0x0000087c   Code   RO          846    .text               stm32f10x_rcc.o
    0x0800b870   0x000001d4   Code   RO          872    .text               stm32f10x_pwr.o
    0x0800ba44   0x000002d0   Code   RO          896    .text               stm32f10x_bkp.o
    0x0800bd14   0x00000260   Code   RO          944    .text               stm32f10x_rtc.o
    0x0800bf74   0x00000ad0   Code   RO         1028    .text               stm32f10x_gpio.o
    0x0800ca44   0x00000e50   Code   RO         1040    .text               stm32f10x_usart.o
    0x0800d894   0x00000910   Code   RO         1064    .text               stm32f10x_dma.o
    0x0800e1a4   0x00000208   Code   RO         1100    .text               misc.o
    0x0800e3ac   0x00000040   Code   RO         1115    .text               startup_stm32f10x_hd.o
    0x0800e3ec   0x00000010   Code   RO         1121    .text               c_w.l(rt_ctype_table.o)
    0x0800e3fc   0x0000001a   Code   RO         1123    .text               c_w.l(atoi.o)
    0x0800e416   0x0000003e   Code   RO         1125    .text               c_w.l(strlen.o)
    0x0800e454   0x00000096   Code   RO         1127    .text               c_w.l(strncmp.o)
    0x0800e4ea   0x0000008a   Code   RO         1129    .text               c_w.l(rt_memcpy_v6.o)
    0x0800e574   0x00000064   Code   RO         1131    .text               c_w.l(rt_memcpy_w.o)
    0x0800e5d8   0x00000044   Code   RO         1133    .text               c_w.l(rt_memclr.o)
    0x0800e61c   0x0000004e   Code   RO         1135    .text               c_w.l(rt_memclr_w.o)
    0x0800e66a   0x00000056   Code   RO         1137    .text               c_w.l(strncpy.o)
    0x0800e6c0   0x0000000e   Code   RO         1139    .text               c_w.l(ctime.o)
    0x0800e6ce   0x00000002   PAD
    0x0800e6d0   0x0000000c   Code   RO         1141    .text               c_w.l(localtime.o)
    0x0800e6dc   0x000001a0   Code   RO         1144    .text               c_w.l(mktime.o)
    0x0800e87c   0x00000006   Code   RO         1146    .text               c_w.l(heapauxi.o)
    0x0800e882   0x00000002   PAD
    0x0800e884   0x00000008   Code   RO         1154    .text               c_w.l(rt_locale_intlibspace.o)
    0x0800e88c   0x00000008   Code   RO         1159    .text               c_w.l(rt_errno_addr_intlibspace.o)
    0x0800e894   0x00000070   Code   RO         1161    .text               c_w.l(strtol.o)
    0x0800e904   0x0000000c   Code   RO         1166    .text               c_w.l(asctime.o)
    0x0800e910   0x000000a4   Code   RO         1170    .text               c_w.l(localtime_internal.o)
    0x0800e9b4   0x00000008   Code   RO         1172    .text               c_w.l(libspace.o)
    0x0800e9bc   0x0000009e   Code   RO         1190    .text               c_w.l(_strtoul.o)
    0x0800ea5a   0x00000002   PAD
    0x0800ea5c   0x0000006c   Code   RO         1192    .text               c_w.l(asctime_internal.o)
    0x0800eac8   0x0000004a   Code   RO         1235    .text               c_w.l(sys_stackheap_outer.o)
    0x0800eb12   0x00000002   PAD
    0x0800eb14   0x0000002c   Code   RO         1237    .text               c_w.l(sprintf.o)
    0x0800eb40   0x0000001c   Code   RO         1239    .text               c_w.l(_chval.o)
    0x0800eb5c   0x0000000c   Code   RO         1244    .text               c_w.l(exit.o)
    0x0800eb68   0x00000052   Code   RO         1258    .text               c_w.l(_printf_pad.o)
    0x0800ebba   0x00000024   Code   RO         1260    .text               c_w.l(_printf_truncate.o)
    0x0800ebde   0x00000052   Code   RO         1262    .text               c_w.l(_printf_str.o)
    0x0800ec30   0x00000078   Code   RO         1264    .text               c_w.l(_printf_dec.o)
    0x0800eca8   0x0000002a   Code   RO         1266    .text               c_w.l(_printf_charcount.o)
    0x0800ecd2   0x00000002   PAD
    0x0800ecd4   0x00000030   Code   RO         1268    .text               c_w.l(_printf_char_common.o)
    0x0800ed04   0x0000000a   Code   RO         1270    .text               c_w.l(_sputc.o)
    0x0800ed0e   0x00000002   PAD
    0x0800ed10   0x000000bc   Code   RO         1272    .text               c_w.l(_printf_wctomb.o)
    0x0800edcc   0x00000078   Code   RO         1275    .text               c_w.l(_printf_longlong_dec.o)
    0x0800ee44   0x00000078   Code   RO         1281    .text               c_w.l(_printf_oct_int_ll.o)
    0x0800eebc   0x0000009c   Code   RO         1301    .text               c_w.l(_printf_hex_int_ll_ptr.o)
    0x0800ef58   0x0000018c   Code   RO         1321    .text               c_w.l(__printf_flags_ss_wp.o)
    0x0800f0e4   0x00000008   Code   RO         1373    .text               c_w.l(rt_fp_status_addr_intlibspace.o)
    0x0800f0ec   0x0000008a   Code   RO         1377    .text               c_w.l(lludiv10.o)
    0x0800f176   0x000000b8   Code   RO         1379    .text               c_w.l(_printf_intcommon.o)
    0x0800f22e   0x0000041e   Code   RO         1381    .text               c_w.l(_printf_fp_dec.o)
    0x0800f64c   0x00000308   Code   RO         1383    .text               c_w.l(_printf_fp_hex.o)
    0x0800f954   0x0000002c   Code   RO         1388    .text               c_w.l(_printf_char.o)
    0x0800f980   0x0000002c   Code   RO         1390    .text               c_w.l(_printf_wchar.o)
    0x0800f9ac   0x00000040   Code   RO         1393    .text               c_w.l(_wcrtomb.o)
    0x0800f9ec   0x0000000c   Code   RO         1399    .text               c_w.l(sys_exit.o)
    0x0800f9f8   0x00000002   Code   RO         1401    .text               c_w.l(use_no_semi.o)
    0x0800f9fa   0x00000000   Code   RO         1403    .text               c_w.l(indicate_semi.o)
    0x0800f9fa   0x00000002   PAD
    0x0800f9fc   0x00000080   Code   RO         1406    .text               c_w.l(_printf_fp_infnan.o)
    0x0800fa7c   0x000000e4   Code   RO         1408    .text               c_w.l(bigflt0.o)
    0x0800fb60   0x0000003e   Code   RO         1411    CL$$btod_d2e        c_w.l(btod.o)
    0x0800fb9e   0x00000046   Code   RO         1413    CL$$btod_d2e_denorm_low  c_w.l(btod.o)
    0x0800fbe4   0x00000060   Code   RO         1412    CL$$btod_d2e_norm_op1  c_w.l(btod.o)
    0x0800fc44   0x00000338   Code   RO         1421    CL$$btod_div_common  c_w.l(btod.o)
    0x0800ff7c   0x000000c6   Code   RO         1418    CL$$btod_e2e        c_w.l(btod.o)
    0x08010042   0x00000028   Code   RO         1415    CL$$btod_ediv       c_w.l(btod.o)
    0x0801006a   0x00000028   Code   RO         1414    CL$$btod_emul       c_w.l(btod.o)
    0x08010092   0x00000244   Code   RO         1420    CL$$btod_mult_common  c_w.l(btod.o)
    0x080102d6   0x00000028   Code   RO         1446    i.__ARM_fpclassify  m_ws.l(fpclassify.o)
    0x080102fe   0x0000000e   Code   RO         1314    i._is_digit         c_w.l(__printf_wp.o)
    0x0801030c   0x0000002c   Code   RO         1164    locale$$code        c_w.l(lc_ctype_c.o)
    0x08010338   0x0000002c   Code   RO         1242    locale$$code        c_w.l(lc_time_c.o)
    0x08010364   0x0000002c   Code   RO         1434    locale$$code        c_w.l(lc_numeric_c.o)
    0x08010390   0x0000000e   Code   RO         1351    x$fpl$fpinit        fz_ws.l(fpinit.o)
    0x0801039e   0x00000004   Code   RO         1353    x$fpl$printf1       fz_ws.l(printf1.o)
    0x080103a2   0x00000004   Code   RO         1355    x$fpl$printf2       fz_ws.l(printf2.o)
    0x080103a6   0x00000000   Code   RO         1445    x$fpl$usenofp       fz_ws.l(usenofp.o)
    0x080103a6   0x00000084   Data   RO          186    .constdata          rtc.o
    0x0801042a   0x00000085   Data   RO          241    .constdata          serial.o
    0x080104af   0x00000024   Data   RO          257    .constdata          led.o
    0x080104d3   0x000000a8   Data   RO          294    .constdata          device.o
    0x0801057b   0x00000016   Data   RO          309    .constdata          idle.o
    0x08010591   0x000001c6   Data   RO          328    .constdata          ipc.o
    0x08010757   0x00000022   Data   RO          361    .constdata          kservice.o
    0x08010779   0x00000003   PAD
    0x0801077c   0x00000160   Data   RO          377    .constdata          mem.o
    0x080108dc   0x0000003e   Data   RO          400    .constdata          mempool.o
    0x0801091a   0x0000005e   Data   RO          418    .constdata          object.o
    0x08010978   0x0000014e   Data   RO          439    .constdata          scheduler.o
    0x08010ac6   0x000000aa   Data   RO          459    .constdata          thread.o
    0x08010b70   0x0000005c   Data   RO          476    .constdata          timer.o
    0x08010bcc   0x00000013   Data   RO          495    .constdata          cpuport.o
    0x08010bdf   0x00000001   PAD
    0x08010be0   0x00000287   Data   RO          550    .constdata          cmd.o
    0x08010e67   0x00000001   PAD
    0x08010e68   0x000000c4   Data   RO          675    .constdata          finsh_ops.o
    0x08010f2c   0x00000040   Data   RO          708    .constdata          finsh_token.o
    0x08010f6c   0x0000004d   Data   RO          774    .constdata          shell.o
    0x08010fb9   0x0000000c   Data   RO         1169    .constdata          c_w.l(_monlen.o)
    0x08010fc5   0x00000003   PAD
    0x08010fc8   0x00000008   Data   RO         1273    .constdata          c_w.l(_printf_wctomb.o)
    0x08010fd0   0x00000028   Data   RO         1302    .constdata          c_w.l(_printf_hex_int_ll_ptr.o)
    0x08010ff8   0x00000011   Data   RO         1322    .constdata          c_w.l(__printf_flags_ss_wp.o)
    0x08011009   0x00000026   Data   RO         1384    .constdata          c_w.l(_printf_fp_hex.o)
    0x0801102f   0x00000001   PAD
    0x08011030   0x00000094   Data   RO         1409    .constdata          c_w.l(bigflt0.o)
    0x080110c4   0x000000c1   Data   RO          551    .conststring        cmd.o
    0x08011185   0x000000d8   Data   RO          610    .conststring        finsh_error.o
    0x0801125d   0x0000002c   Data   RO          709    .conststring        finsh_token.o
    0x08011289   0x00000003   PAD
    0x0801128c   0x00000024   Data   RO          187    FSymTab             rtc.o
    0x080112b0   0x0000000c   Data   RO          259    FSymTab             led.o
    0x080112bc   0x0000000c   Data   RO          379    FSymTab             mem.o
    0x080112c8   0x00000090   Data   RO          553    FSymTab             cmd.o
    0x08011358   0x00000020   Data   RO         1487    Region$$Table       anon$$obj.o
    0x08011378   0x00000010   Data   RO          554    VSymTab             cmd.o
    0x08011388   0x00000110   Data   RO         1163    locale$$data        c_w.l(lc_ctype_c.o)
    0x08011498   0x00000178   Data   RO         1241    locale$$data        c_w.l(lc_time_c.o)
    0x08011610   0x0000001c   Data   RO         1433    locale$$data        c_w.l(lc_numeric_c.o)


    Execution Region RW_IRAM1 (Base: 0x20000000, Size: 0x00001b80, Max: 0x00010000, ABSOLUTE, COMPRESSED[0x000000ac])

    Base Addr    Size         Type   Attr      Idx    E Section Name        Object

    0x20000000   0x0000000c   Data   RW          220    .data               usart.o
    0x2000000c   0x00000001   Data   RW          258    .data               led.o
    0x2000000d   0x00000003   PAD
    0x20000010   0x00000004   Data   RW          280    .data               clock.o
    0x20000014   0x00000004   Data   RW          310    .data               idle.o
    0x20000018   0x00000001   Data   RW          345    .data               irq.o
    0x20000019   0x00000003   PAD
    0x2000001c   0x00000008   Data   RW          362    .data               kservice.o
    0x20000024   0x00000020   Data   RW          378    .data               mem.o
    0x20000044   0x00000008   Data   RW          401    .data               mempool.o
    0x2000004c   0x000000a4   Data   RW          419    .data               object.o
    0x200000f0   0x0000001c   Data   RW          440    .data               scheduler.o
    0x2000010c   0x0000000c   Data   RW          477    .data               timer.o
    0x20000118   0x00000010   Data   RW          496    .data               cpuport.o
    0x20000128   0x00000004   Data   RW          552    .data               cmd.o
    0x2000012c   0x00000008   Data   RW          573    .data               finsh_compiler.o
    0x20000134   0x0000003d   Data   RW          611    .data               finsh_error.o
    0x20000171   0x00000003   PAD
    0x20000174   0x00000008   Data   RW          627    .data               finsh_heap.o
    0x2000017c   0x00000004   Data   RW          724    .data               finsh_var.o
    0x20000180   0x0000000c   Data   RW          747    .data               finsh_vm.o
    0x2000018c   0x00000004   Data   RW          775    .data               shell.o
    0x20000190   0x00000010   Data   RW          793    .data               symbol.o
    0x200001a0   0x00000014   Data   RW          817    .data               system_stm32f10x.o
    0x200001b4   0x00000014   Data   RW          847    .data               stm32f10x_rcc.o
    0x200001c8   0x00000280   Zero   RW            2    .bss                application.o
    0x20000448   0x00000040   Zero   RW          185    .bss                rtc.o
    0x20000488   0x00000088   Zero   RW          219    .bss                usart.o
    0x20000510   0x00000180   Zero   RW          308    .bss                idle.o
    0x20000690   0x00000080   Zero   RW          360    .bss                kservice.o
    0x20000710   0x00000020   Zero   RW          376    .bss                mem.o
    0x20000730   0x00000100   Zero   RW          438    .bss                scheduler.o
    0x20000830   0x00000080   Zero   RW          626    .bss                finsh_heap.o
    0x200008b0   0x00000140   Zero   RW          660    .bss                finsh_node.o
    0x200009f0   0x000000c0   Zero   RW          723    .bss                finsh_var.o
    0x20000ab0   0x00000180   Zero   RW          746    .bss                finsh_vm.o
    0x20000c30   0x00000880   Zero   RW          773    .bss                shell.o
    0x200014b0   0x0000002c   Zero   RW         1142    .bss                c_w.l(localtime.o)
    0x200014dc   0x00000044   Zero   RW         1167    .bss                c_w.l(asctime.o)
    0x20001520   0x00000060   Zero   RW         1173    .bss                c_w.l(libspace.o)
    0x20001580   0x00000200   Zero   RW         1113    HEAP                startup_stm32f10x_hd.o
    0x20001780   0x00000400   Zero   RW         1112    STACK               startup_stm32f10x_hd.o


==============================================================================

Image component sizes


      Code (inc. data)   RO Data    RW Data    ZI Data      Debug   Object Name

       148         24          0          0        640      10831   application.o
       168         20          0          0          0      15977   board.o
       104          4          0          4          0       1360   clock.o
      3000       1188       1000          4          0      10367   cmd.o
       196         20          0          0          0        740   context_rvds.o
       452        222         19         16          0       2591   cpuport.o
       964        146        168          0          0       5337   device.o
      6992        158          0          8          0      10530   finsh_compiler.o
        48         10        216         61          0       1541   finsh_error.o
       556         16          0          8        128       3319   finsh_heap.o
        88          6          0          0          0       1520   finsh_init.o
       412          4          0          0        320       3244   finsh_node.o
      2932         38        196          0          0       8568   finsh_ops.o
      2590         32          0          0          0       9761   finsh_parser.o
      1748         18        108          0          0       5844   finsh_token.o
       428         18          0          4        192       7101   finsh_var.o
       236         34          0         12        384       6670   finsh_vm.o
       364        104         22          4        384       2727   idle.o
      6312        398        454          0          0      22079   ipc.o
        76          6          0          1          0       1226   irq.o
      2556        166         34          8        128      10732   kservice.o
       232          8         48          1          0       3097   led.o
      2524        590        364         32         32       6111   mem.o
      1166        118         62          8          0       5326   mempool.o
       520         82          0          0          0       2069   misc.o
       840        186         94        164          0       5856   object.o
       728        174        168          0         64       8582   rtc.o
      1012        186        334         28        256       4712   scheduler.o
      1620        298        133          0          0       5757   serial.o
      2000        274         77          4       2176       6269   shell.o
       212         98          0          0          0     241927   startup.o
        64         26        304          0       1536        856   startup_stm32f10x_hd.o
       720         86          0          0          0       3984   stm32f10x_bkp.o
      2320        168          0          0          0       5622   stm32f10x_dma.o
      2768        206          0          0          0       7385   stm32f10x_gpio.o
        56          6          0          0          0       1484   stm32f10x_it.o
       468         76          0          0          0       2227   stm32f10x_pwr.o
      2172        136          0         20          0      10396   stm32f10x_rcc.o
       608         92          0          0          0       3002   stm32f10x_rtc.o
      3664        146          0          0          0      10720   stm32f10x_usart.o
         0          0          0         16          0       4097   symbol.o
       480         36          0         20          0       1923   system_stm32f10x.o
      1740        248        170          0          0       8114   thread.o
      1080        130         92         12          0       6519   timer.o
       272         26          0         12        136       2097   usart.o

    ----------------------------------------------------------------------
     57640       6028       4103        456       6376     500197   Object Totals
         0          0         32          0          0          0   (incl. Generated)
         4          0          8          9          0          0   (incl. Padding)

    ----------------------------------------------------------------------

      Code (inc. data)   RO Data    RW Data    ZI Data      Debug   Library Member Name

        90          0          0          0          0          0   __dczerorl2.o
         8          0          0          0          0         68   __main.o
       396          6         17          0          0         92   __printf_flags_ss_wp.o
        14          0          0          0          0         68   __printf_wp.o
        52          8          0          0          0          0   __scatter.o
        28          0          0          0          0          0   __scatter_zi.o
        28          0          0          0          0         68   _chval.o
         0          0         12          0          0          0   _monlen.o
         6          0          0          0          0          0   _printf_a.o
         6          0          0          0          0          0   _printf_c.o
        44          0          0          0          0        108   _printf_char.o
        48          6          0          0          0         96   _printf_char_common.o
        42          0          0          0          0         68   _printf_charcount.o
         6          0          0          0          0          0   _printf_d.o
       120         18          0          0          0         92   _printf_dec.o
         6          0          0          0          0          0   _printf_e.o
         6          0          0          0          0          0   _printf_f.o
      1054          0          0          0          0        216   _printf_fp_dec.o
       776         10         38          0          0        100   _printf_fp_hex.o
       128         16          0          0          0         84   _printf_fp_infnan.o
         6          0          0          0          0          0   _printf_g.o
       156          6         40          0          0        160   _printf_hex_int_ll_ptr.o
         6          0          0          0          0          0   _printf_i.o
       184          0          0          0          0         88   _printf_intcommon.o
        10          0          0          0          0          0   _printf_l.o
         6          0          0          0          0          0   _printf_lc.o
        10          0          0          0          0          0   _printf_ll.o
         6          0          0          0          0          0   _printf_lld.o
         6          0          0          0          0          0   _printf_lli.o
         6          0          0          0          0          0   _printf_llo.o
         6          0          0          0          0          0   _printf_llu.o
         6          0          0          0          0          0   _printf_llx.o
       120         16          0          0          0         92   _printf_longlong_dec.o
         6          0          0          0          0          0   _printf_ls.o
         6          0          0          0          0          0   _printf_n.o
         6          0          0          0          0          0   _printf_o.o
       120          8          0          0          0        124   _printf_oct_int_ll.o
         6          0          0          0          0          0   _printf_p.o
        82          0          0          0          0        108   _printf_pad.o
         0          0          0          0          0          0   _printf_percent.o
         4          0          0          0          0          0   _printf_percent_end.o
         6          0          0          0          0          0   _printf_s.o
        82          0          0          0          0         80   _printf_str.o
        36          0          0          0          0         84   _printf_truncate.o
         6          0          0          0          0          0   _printf_u.o
        44          0          0          0          0        108   _printf_wchar.o
       188          6          8          0          0         92   _printf_wctomb.o
         6          0          0          0          0          0   _printf_x.o
        10          0          0          0          0         68   _sputc.o
       158          0          0          0          0         92   _strtoul.o
        64          0          0          0          0         92   _wcrtomb.o
        12          6          0          0         68         68   asctime.o
       108         30          0          0          0         92   asctime_internal.o
        26          0          0          0          0         80   atoi.o
       228          6        148          0          0         96   bigflt0.o
      1910        128          0          0          0        672   btod.o
        14          0          0          0          0         80   ctime.o
        12          0          0          0          0         72   exit.o
         6          0          0          0          0        152   heapauxi.o
         0          0          0          0          0          0   indicate_semi.o
        44         10        272          0          0         76   lc_ctype_c.o
        44         10         28          0          0         76   lc_numeric_c.o
        44         10        376          0          0         76   lc_time_c.o
         6          0          0          0          0          0   libinit.o
        40          0          0          0          0          0   libinit2.o
         2          0          0          0          0          0   libshutdown.o
         2          0          0          0          0          0   libshutdown2.o
         8          4          0          0         96         68   libspace.o
       138          0          0          0          0         80   lludiv10.o
        12          6          0          0         44         68   localtime.o
       164          6          0          0          0         80   localtime_internal.o
       416          8          0          0          0        128   mktime.o
        16          4          0          0          0         76   rt_ctype_table.o
         8          4          0          0          0         68   rt_errno_addr_intlibspace.o
         8          4          0          0          0         68   rt_fp_status_addr_intlibspace.o
         8          4          0          0          0         68   rt_locale_intlibspace.o
        68          0          0          0          0         68   rt_memclr.o
        78          0          0          0          0         80   rt_memclr_w.o
       138          0          0          0          0         68   rt_memcpy_v6.o
       100          0          0          0          0         80   rt_memcpy_w.o
         0          0          0          0          0          0   rtentry.o
        12          0          0          0          0          0   rtentry2.o
         6          0          0          0          0          0   rtentry4.o
         2          0          0          0          0          0   rtexit.o
        10          0          0          0          0          0   rtexit2.o
        44          6          0          0          0         84   sprintf.o
        62          0          0          0          0         76   strlen.o
       150          0          0          0          0         80   strncmp.o
        86          0          0          0          0         76   strncpy.o
       112          0          0          0          0         88   strtol.o
        12          4          0          0          0         68   sys_exit.o
        74          0          0          0          0         80   sys_stackheap_outer.o
         2          0          0          0          0         68   use_no_semi.o
        14          0          0          0          0         76   fpinit.o
         4          0          0          0          0         68   printf1.o
         4          0          0          0          0         68   printf2.o
         0          0          0          0          0          0   usenofp.o
        40          0          0          0          0         68   fpclassify.o

    ----------------------------------------------------------------------
      8526        350        943          0        208       5688   Library Totals
        16          0          4          0          0          0   (incl. Padding)

    ----------------------------------------------------------------------

      Code (inc. data)   RO Data    RW Data    ZI Data      Debug   Library Name

      8448        350        939          0        208       5408   c_w.l
        22          0          0          0          0        212   fz_ws.l
        40          0          0          0          0         68   m_ws.l

    ----------------------------------------------------------------------
      8526        350        943          0        208       5688   Library Totals

    ----------------------------------------------------------------------

==============================================================================


      Code (inc. data)   RO Data    RW Data    ZI Data      Debug   

     66166       6378       5046        456       6584     498605   Grand Totals
     66166       6378       5046        172       6584     498605   ELF Image Totals (compressed)
     66166       6378       5046        172          0          0   ROM Totals

==============================================================================

    Total RO  Size (Code + RO Data)                71212 (  69.54kB)
    Total RW  Size (RW Data + ZI Data)              7040 (   6.88kB)
    Total ROM Size (Code + RO Data + RW Data)      71384 (  69.71kB)

==============================================================================

