BL51 BANKED LINKER/LOCATER V6.22                                                        06/02/2014  14:54:44  PAGE 1


BL51 BANKED LINKER/LOCATER V6.22, INVOKED BY:
E:\KEIL\C51\BIN\BL51.EXE LED.obj, main.obj TO Test RAMSIZE (256)


MEMORY MODEL: SMALL


INPUT MODULES INCLUDED:
  LED.obj (LED)
  main.obj (MAIN)
  E:\KEIL\C51\LIB\C51S.LIB (?C_STARTUP)


LINK MAP OF MODULE:  Test (LED)


            TYPE    BASE      LENGTH    RELOCATION   SEGMENT NAME
            -----------------------------------------------------

            * * * * * * *   D A T A   M E M O R Y   * * * * * * *
            REG     0000H     0008H     ABSOLUTE     "REG BANK 0"
            IDATA   0008H     0001H     UNIT         ?STACK

            * * * * * * *   C O D E   M E M O R Y   * * * * * * *
            CODE    0000H     0003H     ABSOLUTE     
            CODE    0003H     0024H     UNIT         ?PR?MAIN?MAIN
            CODE    0027H     0020H     UNIT         ?PR?_DELAY?MAIN
            CODE    0047H     000CH     UNIT         ?C_C51STARTUP
            CODE    0053H     0005H     UNIT         ?PR?_TURNON?LED
            CODE    0058H     0004H     UNIT         ?PR?_TURNOFF?LED
            CODE    005CH     0004H     UNIT         ?PR?_TOGGLE?LED



OVERLAY MAP OF MODULE:   Test (LED)


SEGMENT
  +--> CALLED SEGMENT
---------------------
?C_C51STARTUP
  +--> ?PR?MAIN?MAIN

?PR?MAIN?MAIN
  +--> ?PR?_TURNON?LED
  +--> ?PR?_DELAY?MAIN
  +--> ?PR?_TURNOFF?LED
  +--> ?PR?_TOGGLE?LED



SYMBOL TABLE OF MODULE:  Test (LED)

  VALUE           TYPE          NAME
  ----------------------------------

  -------         MODULE        LED
  C:0000H         SYMBOL        _ICE_DUMMY_
BL51 BANKED LINKER/LOCATER V6.22                                                      06/02/2014  14:54:44  PAGE 2


  D:0090H         PUBLIC        P1
  D:00A0H         PUBLIC        P2
  D:00B0H         PUBLIC        P3
  C:005CH         PUBLIC        _toggle
  C:0053H         PUBLIC        _turnOn
  D:00A8H         PUBLIC        IE
  D:00B8H         PUBLIC        IP
  D:0098H         PUBLIC        SCON
  D:0088H         PUBLIC        TCON
  D:00C8H         PUBLIC        T2CON
  C:0058H         PUBLIC        _turnOff
  D:00D0H         PUBLIC        PSW
  -------         PROC          _TURNON
  D:0007H         SYMBOL        no
  C:0053H         LINE#         4
  C:0053H         LINE#         5
  C:0057H         LINE#         6
  -------         ENDPROC       _TURNON
  -------         PROC          _TURNOFF
  D:0007H         SYMBOL        no
  C:0058H         LINE#         8
  C:0058H         LINE#         9
  C:005BH         LINE#         10
  -------         ENDPROC       _TURNOFF
  -------         PROC          _TOGGLE
  D:0007H         SYMBOL        no
  C:005CH         LINE#         12
  C:005CH         LINE#         13
  C:005FH         LINE#         14
  -------         ENDPROC       _TOGGLE
  -------         ENDMOD        LED

  -------         MODULE        MAIN
  C:0000H         SYMBOL        _ICE_DUMMY_
  C:0027H         PUBLIC        _delay
  C:0003H         PUBLIC        main
  -------         PROC          _DELAY
  D:0006H         SYMBOL        i
  -------         DO            
  D:0002H         SYMBOL        x
  D:0004H         SYMBOL        j
  -------         ENDDO         
  C:0027H         LINE#         4
  C:0027H         LINE#         8
  C:0031H         LINE#         9
  C:0034H         LINE#         10
  C:003FH         LINE#         11
  C:0046H         LINE#         12
  -------         ENDPROC       _DELAY
  -------         PROC          MAIN
  C:0003H         LINE#         14
  C:0003H         LINE#         15
  C:0008H         LINE#         16
  C:000DH         LINE#         17
  C:0014H         LINE#         18
  C:0019H         LINE#         19
  C:0019H         LINE#         20
BL51 BANKED LINKER/LOCATER V6.22                                                      06/02/2014  14:54:44  PAGE 3


  C:0020H         LINE#         21
  C:0025H         LINE#         22
  -------         ENDPROC       MAIN
  -------         ENDMOD        MAIN

Program Size: data=9.0 xdata=0 code=96
LINK/LOCATE RUN COMPLETE.  0 WARNING(S),  0 ERROR(S)
