<html>
<body>
<pre>
<h1>礦ision Build Log</h1>
<h2>Project:</h2>
F:\大学\电路\dxpWorkspace\STM32F10 最小系统\程序\usart\mdk\usart.uvproj
Project File Date:  05/04/2012

<h2>Output:</h2>
Build target 'usart'
compiling misc.c...
compiling stm32f10x_adc.c...
compiling stm32f10x_bkp.c...
compiling stm32f10x_can.c...
Project build/rebuild aborted.
Target not created
Build target 'usart'
compiling misc.c...
compiling stm32f10x_adc.c...
compiling stm32f10x_bkp.c...
compiling stm32f10x_can.c...
compiling stm32f10x_cec.c...
compiling stm32f10x_crc.c...
compiling stm32f10x_dac.c...
compiling stm32f10x_dbgmcu.c...
compiling stm32f10x_dma.c...
compiling stm32f10x_exti.c...
compiling stm32f10x_flash.c...
compiling stm32f10x_fsmc.c...
compiling stm32f10x_gpio.c...
compiling stm32f10x_i2c.c...
compiling stm32f10x_iwdg.c...
compiling stm32f10x_pwr.c...
compiling stm32f10x_rcc.c...
compiling stm32f10x_rtc.c...
compiling stm32f10x_sdio.c...
compiling stm32f10x_spi.c...
compiling stm32f10x_tim.c...
compiling stm32f10x_usart.c...
compiling stm32f10x_wwdg.c...
compiling core_cm3.c...
compiling system_stm32f10x.c...
assembling startup_stm32f10x_hd.s...
compiling main.c...
compiling stm32f10x_it.c...
compiling usart.c...
linking...
Program Size: Code=5956 RO-data=336 RW-data=48 ZI-data=1632  
FromELF: creating hex file...
".\obj\usart.axf" - 0 Error(s), 0 Warning(s).
Load "F:\\大学\\电路\\dxpWorkspace\\STM32F10 最小系统\\程序\\usart\\mdk\\obj\\usart.AXF" 
* JLink Info: Device "STM32F103ZE" selected (512 KB flash, 64 KB RAM).
Set JLink Project File to "F:\大学\电路\dxpWorkspace\STM32F10 最小系统\程序\usart\mdk\JLinkSettings.ini"
 
JLink info:
------------
DLL: V4.35b, compiled Sep  2 2011 18:34:46
Firmware: J-Link ARM V8 compiled Sep 22 2011 16:23:23
Hardware: V8.00
S/N : 805306163 
Feature(s) : RDI,FlashDL,FlashBP,JFlash,GDBFull 
 
* JLink Info: TotalIRLen = 9, IRPrint = 0x0011
* JLink Info: Found Cortex-M3 r1p1, Little endian.
* JLink Info: TPIU fitted.
* JLink Info: ETM fitted.
* JLink Info:   FPUnit: 6 code (BP) slots and 2 literal slots
ROMTableAddr = 0xE00FF003
* JLink Info: TotalIRLen = 9, IRPrint = 0x0011
* JLink Info: Found Cortex-M3 r1p1, Little endian.
* JLink Info: TPIU fitted.
* JLink Info: ETM fitted.
* JLink Info:   FPUnit: 6 code (BP) slots and 2 literal slots
 
Target info:
------------
Device: STM32F103ZE
VTarget = 3.267V
State of Pins: 
TCK: 1, TDI: 0, TDO: 1, TMS: 0, TRES: 1, TRST: 1
Hardware-Breakpoints: 6
Software-Breakpoints: 8192
Watchpoints:          4
JTAG speed: 2000 kHz
 
Erase Done.
Programming Done.
Verify OK.
Load "F:\\大学\\电路\\dxpWorkspace\\STM32F10 最小系统\\程序\\usart\\mdk\\obj\\usart.AXF" 
* JLink Info: Device "STM32F103ZE" selected (512 KB flash, 64 KB RAM).
Set JLink Project File to "F:\大学\电路\dxpWorkspace\STM32F10 最小系统\程序\usart\mdk\JLinkSettings.ini"
 
JLink info:
------------
DLL: V4.35b, compiled Sep  2 2011 18:34:46
Firmware: J-Link ARM V8 compiled Sep 22 2011 16:23:23
Hardware: V8.00
S/N : 805306163 
Feature(s) : RDI,FlashDL,FlashBP,JFlash,GDBFull 
 
* JLink Info: TotalIRLen = 9, IRPrint = 0x0011
* JLink Info: Found Cortex-M3 r1p1, Little endian.
* JLink Info: TPIU fitted.
* JLink Info: ETM fitted.
* JLink Info:   FPUnit: 6 code (BP) slots and 2 literal slots
ROMTableAddr = 0xE00FF003
* JLink Info: TotalIRLen = 9, IRPrint = 0x0011
* JLink Info: Found Cortex-M3 r1p1, Little endian.
* JLink Info: TPIU fitted.
* JLink Info: ETM fitted.
* JLink Info:   FPUnit: 6 code (BP) slots and 2 literal slots
 
Target info:
------------
Device: STM32F103ZE
VTarget = 3.267V
State of Pins: 
TCK: 1, TDI: 0, TDO: 1, TMS: 0, TRES: 1, TRST: 1
Hardware-Breakpoints: 6
Software-Breakpoints: 8192
Watchpoints:          4
JTAG speed: 2000 kHz
 
Erase Done.
Programming Done.
Verify OK.
Build target 'usart'
compiling main.c...
linking...
Program Size: Code=5972 RO-data=336 RW-data=48 ZI-data=1632  
FromELF: creating hex file...
".\obj\usart.axf" - 0 Error(s), 0 Warning(s).
Load "F:\\大学\\电路\\dxpWorkspace\\STM32F10 最小系统\\程序\\usart\\mdk\\obj\\usart.AXF" 
* JLink Info: Device "STM32F103ZE" selected (512 KB flash, 64 KB RAM).
Set JLink Project File to "F:\大学\电路\dxpWorkspace\STM32F10 最小系统\程序\usart\mdk\JLinkSettings.ini"
 
JLink info:
------------
DLL: V4.35b, compiled Sep  2 2011 18:34:46
Firmware: J-Link ARM V8 compiled Sep 22 2011 16:23:23
Hardware: V8.00
S/N : 805306163 
Feature(s) : RDI,FlashDL,FlashBP,JFlash,GDBFull 
 
* JLink Info: TotalIRLen = 9, IRPrint = 0x0011
* JLink Info: Found Cortex-M3 r1p1, Little endian.
* JLink Info: TPIU fitted.
* JLink Info: ETM fitted.
* JLink Info:   FPUnit: 6 code (BP) slots and 2 literal slots
ROMTableAddr = 0xE00FF003
* JLink Info: TotalIRLen = 9, IRPrint = 0x0011
* JLink Info: Found Cortex-M3 r1p1, Little endian.
* JLink Info: TPIU fitted.
* JLink Info: ETM fitted.
* JLink Info:   FPUnit: 6 code (BP) slots and 2 literal slots
 
Target info:
------------
Device: STM32F103ZE
VTarget = 3.254V
State of Pins: 
TCK: 1, TDI: 0, TDO: 1, TMS: 0, TRES: 1, TRST: 1
Hardware-Breakpoints: 6
Software-Breakpoints: 8192
Watchpoints:          4
JTAG speed: 2000 kHz
 
Erase Done.
Programming Done.
Verify OK.
Build target 'usart'
compiling main.c...
linking...
Program Size: Code=5972 RO-data=336 RW-data=48 ZI-data=1632  
FromELF: creating hex file...
".\obj\usart.axf" - 0 Error(s), 0 Warning(s).
Load "F:\\大学\\电路\\dxpWorkspace\\STM32F10 最小系统\\程序\\usart\\mdk\\obj\\usart.AXF" 
* JLink Info: Device "STM32F103ZE" selected (512 KB flash, 64 KB RAM).
Set JLink Project File to "F:\大学\电路\dxpWorkspace\STM32F10 最小系统\程序\usart\mdk\JLinkSettings.ini"
 
JLink info:
------------
DLL: V4.35b, compiled Sep  2 2011 18:34:46
Firmware: J-Link ARM V8 compiled Sep 22 2011 16:23:23
Hardware: V8.00
S/N : 805306163 
Feature(s) : RDI,FlashDL,FlashBP,JFlash,GDBFull 
 
* JLink Info: TotalIRLen = 9, IRPrint = 0x0011
* JLink Info: Found Cortex-M3 r1p1, Little endian.
* JLink Info: TPIU fitted.
* JLink Info: ETM fitted.
* JLink Info:   FPUnit: 6 code (BP) slots and 2 literal slots
ROMTableAddr = 0xE00FF003
* JLink Info: TotalIRLen = 9, IRPrint = 0x0011
* JLink Info: Found Cortex-M3 r1p1, Little endian.
* JLink Info: TPIU fitted.
* JLink Info: ETM fitted.
* JLink Info:   FPUnit: 6 code (BP) slots and 2 literal slots
 
Target info:
------------
Device: STM32F103ZE
VTarget = 3.190V
State of Pins: 
TCK: 1, TDI: 0, TDO: 1, TMS: 0, TRES: 1, TRST: 1
Hardware-Breakpoints: 6
Software-Breakpoints: 8192
Watchpoints:          0
JTAG speed: 2000 kHz
 
Erase Done.
Programming Done.
Verify OK.
Build target 'usart'
compiling main.c...
..\user\main.c(44): error:  #20: identifier "FILE" is undefined
Target not created
Build target 'usart'
compiling main.c...
linking...
Program Size: Code=6004 RO-data=336 RW-data=48 ZI-data=1632  
FromELF: creating hex file...
".\obj\usart.axf" - 0 Error(s), 0 Warning(s).
Load "F:\\大学\\电路\\dxpWorkspace\\STM32F10 最小系统\\程序\\usart\\mdk\\obj\\usart.AXF" 
* JLink Info: Device "STM32F103ZE" selected (512 KB flash, 64 KB RAM).
Set JLink Project File to "F:\大学\电路\dxpWorkspace\STM32F10 最小系统\程序\usart\mdk\JLinkSettings.ini"
 
JLink info:
------------
DLL: V4.35b, compiled Sep  2 2011 18:34:46
Firmware: J-Link ARM V8 compiled Sep 22 2011 16:23:23
Hardware: V8.00
S/N : 805306163 
Feature(s) : RDI,FlashDL,FlashBP,JFlash,GDBFull 
 
* JLink Info: TotalIRLen = 9, IRPrint = 0x0011
* JLink Info: Found Cortex-M3 r1p1, Little endian.
* JLink Info: TPIU fitted.
* JLink Info: ETM fitted.
* JLink Info:   FPUnit: 6 code (BP) slots and 2 literal slots
ROMTableAddr = 0xE00FF003
* JLink Info: TotalIRLen = 9, IRPrint = 0x0011
* JLink Info: Found Cortex-M3 r1p1, Little endian.
* JLink Info: TPIU fitted.
* JLink Info: ETM fitted.
* JLink Info:   FPUnit: 6 code (BP) slots and 2 literal slots
 
Target info:
------------
Device: STM32F103ZE
VTarget = 3.248V
State of Pins: 
TCK: 1, TDI: 0, TDO: 1, TMS: 0, TRES: 1, TRST: 1
Hardware-Breakpoints: 6
Software-Breakpoints: 8192
Watchpoints:          0
JTAG speed: 2000 kHz
 
Erase Done.
Programming Done.
Verify OK.
Build target 'usart'
compiling main.c...
linking...
Program Size: Code=8358 RO-data=350 RW-data=60 ZI-data=1876  
FromELF: creating hex file...
".\obj\usart.axf" - 0 Error(s), 0 Warning(s).
Load "F:\\大学\\电路\\dxpWorkspace\\STM32F10 最小系统\\程序\\usart\\mdk\\obj\\usart.AXF" 
* JLink Info: Device "STM32F103ZE" selected (512 KB flash, 64 KB RAM).
Set JLink Project File to "F:\大学\电路\dxpWorkspace\STM32F10 最小系统\程序\usart\mdk\JLinkSettings.ini"
 
JLink info:
------------
DLL: V4.35b, compiled Sep  2 2011 18:34:46
Firmware: J-Link ARM V8 compiled Sep 22 2011 16:23:23
Hardware: V8.00
S/N : 805306163 
Feature(s) : RDI,FlashDL,FlashBP,JFlash,GDBFull 
 
* JLink Info: TotalIRLen = 9, IRPrint = 0x0011
* JLink Info: Found Cortex-M3 r1p1, Little endian.
* JLink Info: TPIU fitted.
* JLink Info: ETM fitted.
* JLink Info:   FPUnit: 6 code (BP) slots and 2 literal slots
ROMTableAddr = 0xE00FF003
* JLink Info: TotalIRLen = 9, IRPrint = 0x0011
* JLink Info: Found Cortex-M3 r1p1, Little endian.
* JLink Info: TPIU fitted.
* JLink Info: ETM fitted.
* JLink Info:   FPUnit: 6 code (BP) slots and 2 literal slots
 
Target info:
------------
Device: STM32F103ZE
VTarget = 3.248V
State of Pins: 
TCK: 1, TDI: 0, TDO: 1, TMS: 0, TRES: 1, TRST: 1
Hardware-Breakpoints: 6
Software-Breakpoints: 8192
Watchpoints:          0
JTAG speed: 2000 kHz
 
Erase Done.
Programming Done.
Verify OK.
Build target 'usart'
compiling main.c...
linking...
Program Size: Code=8282 RO-data=350 RW-data=60 ZI-data=1876  
FromELF: creating hex file...
".\obj\usart.axf" - 0 Error(s), 0 Warning(s).
Load "F:\\大学\\电路\\dxpWorkspace\\STM32F10 最小系统\\程序\\usart\\mdk\\obj\\usart.AXF" 
* JLink Info: Device "STM32F103ZE" selected (512 KB flash, 64 KB RAM).
Set JLink Project File to "F:\大学\电路\dxpWorkspace\STM32F10 最小系统\程序\usart\mdk\JLinkSettings.ini"
 
JLink info:
------------
DLL: V4.35b, compiled Sep  2 2011 18:34:46
Firmware: J-Link ARM V8 compiled Sep 22 2011 16:23:23
Hardware: V8.00
S/N : 805306163 
Feature(s) : RDI,FlashDL,FlashBP,JFlash,GDBFull 
 
* JLink Info: TotalIRLen = 9, IRPrint = 0x0011
* JLink Info: Found Cortex-M3 r1p1, Little endian.
* JLink Info: TPIU fitted.
* JLink Info: ETM fitted.
* JLink Info:   FPUnit: 6 code (BP) slots and 2 literal slots
ROMTableAddr = 0xE00FF003
* JLink Info: TotalIRLen = 9, IRPrint = 0x0011
* JLink Info: Found Cortex-M3 r1p1, Little endian.
* JLink Info: TPIU fitted.
* JLink Info: ETM fitted.
* JLink Info:   FPUnit: 6 code (BP) slots and 2 literal slots
 
Target info:
------------
Device: STM32F103ZE
VTarget = 3.254V
State of Pins: 
TCK: 1, TDI: 0, TDO: 1, TMS: 0, TRES: 1, TRST: 1
Hardware-Breakpoints: 6
Software-Breakpoints: 8192
Watchpoints:          0
JTAG speed: 2000 kHz
 
Erase Done.
Programming Done.
Verify OK.
Build target 'usart'
compiling main.c...
linking...
Program Size: Code=8282 RO-data=350 RW-data=60 ZI-data=1876  
FromELF: creating hex file...
".\obj\usart.axf" - 0 Error(s), 0 Warning(s).
Load "F:\\大学\\电路\\dxpWorkspace\\STM32F10 最小系统\\程序\\usart\\mdk\\obj\\usart.AXF" 
* JLink Info: Device "STM32F103ZE" selected (512 KB flash, 64 KB RAM).
Set JLink Project File to "F:\大学\电路\dxpWorkspace\STM32F10 最小系统\程序\usart\mdk\JLinkSettings.ini"
 
JLink info:
------------
DLL: V4.35b, compiled Sep  2 2011 18:34:46
Firmware: J-Link ARM V8 compiled Sep 22 2011 16:23:23
Hardware: V8.00
S/N : 805306163 
Feature(s) : RDI,FlashDL,FlashBP,JFlash,GDBFull 
 
* JLink Info: TotalIRLen = 9, IRPrint = 0x0011
* JLink Info: Found Cortex-M3 r1p1, Little endian.
* JLink Info: TPIU fitted.
* JLink Info: ETM fitted.
* JLink Info:   FPUnit: 6 code (BP) slots and 2 literal slots
ROMTableAddr = 0xE00FF003
* JLink Info: TotalIRLen = 9, IRPrint = 0x0011
* JLink Info: Found Cortex-M3 r1p1, Little endian.
* JLink Info: TPIU fitted.
* JLink Info: ETM fitted.
* JLink Info:   FPUnit: 6 code (BP) slots and 2 literal slots
 
Target info:
------------
Device: STM32F103ZE
VTarget = 3.261V
State of Pins: 
TCK: 1, TDI: 0, TDO: 1, TMS: 0, TRES: 1, TRST: 1
Hardware-Breakpoints: 6
Software-Breakpoints: 8192
Watchpoints:          0
JTAG speed: 2000 kHz
 
Erase Done.
Programming Done.
Verify OK.
Build target 'usart'
compiling main.c...
..\user\main.c(22): warning:  #177-D: variable "i" was declared but never referenced
linking...
Program Size: Code=8266 RO-data=350 RW-data=60 ZI-data=1876  
FromELF: creating hex file...
".\obj\usart.axf" - 0 Error(s), 1 Warning(s).
Build target 'usart'
linking...
Program Size: Code=8266 RO-data=350 RW-data=60 ZI-data=1876  
FromELF: creating hex file...
".\obj\usart.axf" - 0 Error(s), 0 Warning(s).
Build target 'usart'
linking...
Program Size: Code=8266 RO-data=350 RW-data=60 ZI-data=1876  
FromELF: creating hex file...
".\obj\usart.axf" - 0 Error(s), 0 Warning(s).
Load "F:\\大学\\电路\\dxpWorkspace\\STM32F10 最小系统\\程序\\usart\\mdk\\obj\\usart.AXF" 
* JLink Info: Device "STM32F103ZE" selected (512 KB flash, 64 KB RAM).
Set JLink Project File to "F:\大学\电路\dxpWorkspace\STM32F10 最小系统\程序\usart\mdk\JLinkSettings.ini"
 
JLink info:
------------
DLL: V4.35b, compiled Sep  2 2011 18:34:46
Firmware: J-Link ARM V8 compiled Sep 22 2011 16:23:23
Hardware: V8.00
S/N : 805306163 
Feature(s) : RDI,FlashDL,FlashBP,JFlash,GDBFull 
 
* JLink Info: TotalIRLen = 9, IRPrint = 0x0011
* JLink Info: Found Cortex-M3 r1p1, Little endian.
* JLink Info: TPIU fitted.
* JLink Info: ETM fitted.
* JLink Info:   FPUnit: 6 code (BP) slots and 2 literal slots
ROMTableAddr = 0xE00FF003
* JLink Info: TotalIRLen = 9, IRPrint = 0x0011
* JLink Info: Found Cortex-M3 r1p1, Little endian.
* JLink Info: TPIU fitted.
* JLink Info: ETM fitted.
* JLink Info:   FPUnit: 6 code (BP) slots and 2 literal slots
 
Target info:
------------
Device: STM32F103ZE
VTarget = 3.261V
State of Pins: 
TCK: 1, TDI: 0, TDO: 1, TMS: 0, TRES: 1, TRST: 1
Hardware-Breakpoints: 6
Software-Breakpoints: 8192
Watchpoints:          0
JTAG speed: 2000 kHz
 
Erase Done.
Programming Done.
Verify OK.
Build target 'usart'
compiling main.c...
linking...
Program Size: Code=6004 RO-data=336 RW-data=48 ZI-data=1632  
FromELF: creating hex file...
".\obj\usart.axf" - 0 Error(s), 0 Warning(s).
Load "F:\\大学\\电路\\dxpWorkspace\\STM32F10 最小系统\\程序\\usart\\mdk\\obj\\usart.AXF" 
* JLink Info: Device "STM32F103ZE" selected (512 KB flash, 64 KB RAM).
Set JLink Project File to "F:\大学\电路\dxpWorkspace\STM32F10 最小系统\程序\usart\mdk\JLinkSettings.ini"
 
JLink info:
------------
DLL: V4.35b, compiled Sep  2 2011 18:34:46
Firmware: J-Link ARM V8 compiled Sep 22 2011 16:23:23
Hardware: V8.00
S/N : 805306163 
Feature(s) : RDI,FlashDL,FlashBP,JFlash,GDBFull 
 
* JLink Info: TotalIRLen = 9, IRPrint = 0x0011
* JLink Info: Found Cortex-M3 r1p1, Little endian.
* JLink Info: TPIU fitted.
* JLink Info: ETM fitted.
* JLink Info:   FPUnit: 6 code (BP) slots and 2 literal slots
ROMTableAddr = 0xE00FF003
* JLink Info: TotalIRLen = 9, IRPrint = 0x0011
* JLink Info: Found Cortex-M3 r1p1, Little endian.
* JLink Info: TPIU fitted.
* JLink Info: ETM fitted.
* JLink Info:   FPUnit: 6 code (BP) slots and 2 literal slots
 
Target info:
------------
Device: STM32F103ZE
VTarget = 3.267V
State of Pins: 
TCK: 1, TDI: 0, TDO: 1, TMS: 0, TRES: 1, TRST: 1
Hardware-Breakpoints: 6
Software-Breakpoints: 8192
Watchpoints:          0
JTAG speed: 2000 kHz
 
Erase Done.
Programming Done.
Verify OK.
Build target 'usart'
compiling main.c...
linking...
Program Size: Code=6000 RO-data=336 RW-data=48 ZI-data=1632  
FromELF: creating hex file...
".\obj\usart.axf" - 0 Error(s), 0 Warning(s).
Load "F:\\大学\\电路\\dxpWorkspace\\STM32F10 最小系统\\程序\\usart\\mdk\\obj\\usart.AXF" 
* JLink Info: Device "STM32F103ZE" selected (512 KB flash, 64 KB RAM).
Set JLink Project File to "F:\大学\电路\dxpWorkspace\STM32F10 最小系统\程序\usart\mdk\JLinkSettings.ini"
 
JLink info:
------------
DLL: V4.35b, compiled Sep  2 2011 18:34:46
Firmware: J-Link ARM V8 compiled Sep 22 2011 16:23:23
Hardware: V8.00
S/N : 805306163 
Feature(s) : RDI,FlashDL,FlashBP,JFlash,GDBFull 
 
* JLink Info: TotalIRLen = 9, IRPrint = 0x0011
* JLink Info: Found Cortex-M3 r1p1, Little endian.
* JLink Info: TPIU fitted.
* JLink Info: ETM fitted.
* JLink Info:   FPUnit: 6 code (BP) slots and 2 literal slots
ROMTableAddr = 0xE00FF003
* JLink Info: TotalIRLen = 9, IRPrint = 0x0011
* JLink Info: Found Cortex-M3 r1p1, Little endian.
* JLink Info: TPIU fitted.
* JLink Info: ETM fitted.
* JLink Info:   FPUnit: 6 code (BP) slots and 2 literal slots
 
Target info:
------------
Device: STM32F103ZE
VTarget = 3.267V
State of Pins: 
TCK: 1, TDI: 0, TDO: 1, TMS: 0, TRES: 1, TRST: 1
Hardware-Breakpoints: 6
Software-Breakpoints: 8192
Watchpoints:          0
JTAG speed: 2000 kHz
 
Erase Done.
Programming Done.
Verify OK.
Build target 'usart'
compiling main.c...
..\user\main.c(12): warning:  #177-D: variable "msg" was declared but never referenced
..\user\main.c(13): warning:  #177-D: variable "i" was declared but never referenced
linking...
Program Size: Code=8274 RO-data=350 RW-data=60 ZI-data=1876  
FromELF: creating hex file...
".\obj\usart.axf" - 0 Error(s), 2 Warning(s).
Load "F:\\大学\\电路\\dxpWorkspace\\STM32F10 最小系统\\程序\\usart\\mdk\\obj\\usart.AXF" 
* JLink Info: Device "STM32F103ZE" selected (512 KB flash, 64 KB RAM).
Set JLink Project File to "F:\大学\电路\dxpWorkspace\STM32F10 最小系统\程序\usart\mdk\JLinkSettings.ini"
 
JLink info:
------------
DLL: V4.35b, compiled Sep  2 2011 18:34:46
Firmware: J-Link ARM V8 compiled Sep 22 2011 16:23:23
Hardware: V8.00
S/N : 805306163 
Feature(s) : RDI,FlashDL,FlashBP,JFlash,GDBFull 
 
* JLink Info: TotalIRLen = 9, IRPrint = 0x0011
* JLink Info: Found Cortex-M3 r1p1, Little endian.
* JLink Info: TPIU fitted.
* JLink Info: ETM fitted.
* JLink Info:   FPUnit: 6 code (BP) slots and 2 literal slots
ROMTableAddr = 0xE00FF003
* JLink Info: TotalIRLen = 9, IRPrint = 0x0011
* JLink Info: Found Cortex-M3 r1p1, Little endian.
* JLink Info: TPIU fitted.
* JLink Info: ETM fitted.
* JLink Info:   FPUnit: 6 code (BP) slots and 2 literal slots
 
Target info:
------------
Device: STM32F103ZE
VTarget = 3.267V
State of Pins: 
TCK: 1, TDI: 0, TDO: 1, TMS: 0, TRES: 1, TRST: 1
Hardware-Breakpoints: 6
Software-Breakpoints: 8192
Watchpoints:          0
JTAG speed: 2000 kHz
 
Erase Done.
Programming Done.
Verify OK.
Build target 'usart'
compiling main.c...
..\user\main.c(12): warning:  #177-D: variable "msg" was declared but never referenced
..\user\main.c(13): warning:  #177-D: variable "i" was declared but never referenced
linking...
Program Size: Code=8290 RO-data=350 RW-data=60 ZI-data=1876  
FromELF: creating hex file...
".\obj\usart.axf" - 0 Error(s), 2 Warning(s).
Build target 'usart'
compiling main.c...
linking...
Program Size: Code=8262 RO-data=350 RW-data=60 ZI-data=1876  
FromELF: creating hex file...
".\obj\usart.axf" - 0 Error(s), 0 Warning(s).
Load "F:\\大学\\电路\\dxpWorkspace\\STM32F10 最小系统\\程序\\usart\\mdk\\obj\\usart.AXF" 
* JLink Info: Device "STM32F103ZE" selected (512 KB flash, 64 KB RAM).
Set JLink Project File to "F:\大学\电路\dxpWorkspace\STM32F10 最小系统\程序\usart\mdk\JLinkSettings.ini"
 
JLink info:
------------
DLL: V4.35b, compiled Sep  2 2011 18:34:46
Firmware: J-Link ARM V8 compiled Sep 22 2011 16:23:23
Hardware: V8.00
S/N : 805306163 
Feature(s) : RDI,FlashDL,FlashBP,JFlash,GDBFull 
 
* JLink Info: TotalIRLen = 9, IRPrint = 0x0011
* JLink Info: Found Cortex-M3 r1p1, Little endian.
* JLink Info: TPIU fitted.
* JLink Info: ETM fitted.
* JLink Info:   FPUnit: 6 code (BP) slots and 2 literal slots
ROMTableAddr = 0xE00FF003
* JLink Info: TotalIRLen = 9, IRPrint = 0x0011
* JLink Info: Found Cortex-M3 r1p1, Little endian.
* JLink Info: TPIU fitted.
* JLink Info: ETM fitted.
* JLink Info:   FPUnit: 6 code (BP) slots and 2 literal slots
 
Target info:
------------
Device: STM32F103ZE
VTarget = 3.267V
State of Pins: 
TCK: 1, TDI: 0, TDO: 1, TMS: 0, TRES: 1, TRST: 1
Hardware-Breakpoints: 6
Software-Breakpoints: 8192
Watchpoints:          0
JTAG speed: 2000 kHz
 
Erase Done.
Programming Done.
Verify OK.
Build target 'usart'
compiling main.c...
linking...
Program Size: Code=8262 RO-data=350 RW-data=60 ZI-data=1876  
FromELF: creating hex file...
".\obj\usart.axf" - 0 Error(s), 0 Warning(s).
Load "F:\\大学\\电路\\dxpWorkspace\\STM32F10 最小系统\\程序\\usart\\mdk\\obj\\usart.AXF" 
* JLink Info: Device "STM32F103ZE" selected (512 KB flash, 64 KB RAM).
Set JLink Project File to "F:\大学\电路\dxpWorkspace\STM32F10 最小系统\程序\usart\mdk\JLinkSettings.ini"
 
JLink info:
------------
DLL: V4.35b, compiled Sep  2 2011 18:34:46
Firmware: J-Link ARM V8 compiled Sep 22 2011 16:23:23
Hardware: V8.00
S/N : 805306163 
Feature(s) : RDI,FlashDL,FlashBP,JFlash,GDBFull 
 
* JLink Info: TotalIRLen = 9, IRPrint = 0x0011
* JLink Info: Found Cortex-M3 r1p1, Little endian.
* JLink Info: TPIU fitted.
* JLink Info: ETM fitted.
* JLink Info:   FPUnit: 6 code (BP) slots and 2 literal slots
ROMTableAddr = 0xE00FF003
* JLink Info: TotalIRLen = 9, IRPrint = 0x0011
* JLink Info: Found Cortex-M3 r1p1, Little endian.
* JLink Info: TPIU fitted.
* JLink Info: ETM fitted.
* JLink Info:   FPUnit: 6 code (BP) slots and 2 literal slots
 
Target info:
------------
Device: STM32F103ZE
VTarget = 3.267V
State of Pins: 
TCK: 1, TDI: 0, TDO: 1, TMS: 0, TRES: 1, TRST: 1
Hardware-Breakpoints: 6
Software-Breakpoints: 8192
Watchpoints:          0
JTAG speed: 2000 kHz
 
Erase Done.
Programming Done.
Verify OK.
Build target 'usart'
compiling misc.c...
compiling stm32f10x_adc.c...
compiling stm32f10x_bkp.c...
compiling stm32f10x_can.c...
compiling stm32f10x_cec.c...
compiling stm32f10x_crc.c...
compiling stm32f10x_dac.c...
compiling stm32f10x_dbgmcu.c...
compiling stm32f10x_dma.c...
compiling stm32f10x_exti.c...
compiling stm32f10x_flash.c...
compiling stm32f10x_fsmc.c...
compiling stm32f10x_gpio.c...
compiling stm32f10x_i2c.c...
compiling stm32f10x_iwdg.c...
compiling stm32f10x_pwr.c...
compiling stm32f10x_rcc.c...
compiling stm32f10x_rtc.c...
compiling stm32f10x_sdio.c...
compiling stm32f10x_spi.c...
compiling stm32f10x_tim.c...
compiling stm32f10x_usart.c...
compiling stm32f10x_wwdg.c...
compiling core_cm3.c...
compiling system_stm32f10x.c...
assembling startup_stm32f10x_hd.s...
compiling main.c...
compiling stm32f10x_it.c...
compiling usart.c...
linking...
Program Size: Code=5768 RO-data=336 RW-data=52 ZI-data=1028  
FromELF: creating hex file...
".\obj\usart.axf" - 0 Error(s), 0 Warning(s).
Load "F:\\大学\\电路\\dxpWorkspace\\STM32F10 最小系统\\程序\\usart\\mdk\\obj\\usart.AXF" 
* JLink Info: Device "STM32F103ZE" selected (512 KB flash, 64 KB RAM).
Set JLink Project File to "F:\大学\电路\dxpWorkspace\STM32F10 最小系统\程序\usart\mdk\JLinkSettings.ini"
 
JLink info:
------------
DLL: V4.35b, compiled Sep  2 2011 18:34:46
Firmware: J-Link ARM V8 compiled Sep 22 2011 16:23:23
Hardware: V8.00
S/N : 805306163 
Feature(s) : RDI,FlashDL,FlashBP,JFlash,GDBFull 
 
* JLink Info: TotalIRLen = 9, IRPrint = 0x0011
* JLink Info: Found Cortex-M3 r1p1, Little endian.
* JLink Info: TPIU fitted.
* JLink Info: ETM fitted.
* JLink Info:   FPUnit: 6 code (BP) slots and 2 literal slots
ROMTableAddr = 0xE00FF003
* JLink Info: TotalIRLen = 9, IRPrint = 0x0011
* JLink Info: Found Cortex-M3 r1p1, Little endian.
* JLink Info: TPIU fitted.
* JLink Info: ETM fitted.
* JLink Info:   FPUnit: 6 code (BP) slots and 2 literal slots
 
Target info:
------------
Device: STM32F103ZE
VTarget = 3.267V
State of Pins: 
TCK: 1, TDI: 0, TDO: 1, TMS: 0, TRES: 1, TRST: 1
Hardware-Breakpoints: 6
Software-Breakpoints: 8192
Watchpoints:          0
JTAG speed: 2000 kHz
 
Erase Done.
Programming Done.
Verify OK.
