BL51 BANKED LINKER/LOCATER V6.22                                                        05/09/2012  21:19:46  PAGE 1


BL51 BANKED LINKER/LOCATER V6.22, INVOKED BY:
F:\´óÑ§\µçÂ·\SOFT\KEIL\C51\BIN\BL51.EXE °´¼ü²âÊÔ.obj TO °´¼ü²âÊÔ RAMSIZE (256)


MEMORY MODEL: SMALL


INPUT MODULES INCLUDED:
  °´¼ü²âÊÔ.obj (_´¼ü²_ÊÔ)
  F:\´óÑ§\µçÂ·\SOFT\KEIL\C51\LIB\C51S.LIB (?C_STARTUP)


LINK MAP OF MODULE:  °´¼ü²âÊÔ (_´¼ü²_ÊÔ)


            TYPE    BASE      LENGTH    RELOCATION   SEGMENT NAME
            -----------------------------------------------------

            * * * * * * *   D A T A   M E M O R Y   * * * * * * *
            REG     0000H     0008H     ABSOLUTE     "REG BANK 0"
            IDATA   0008H     0001H     UNIT         ?STACK

            * * * * * * *   C O D E   M E M O R Y   * * * * * * *
            CODE    0000H     0003H     ABSOLUTE     
            CODE    0003H     002EH     UNIT         ?PR?MAIN?_´¼ü²_ÊÔ
            CODE    0031H     0026H     UNIT         ?PR?_DELAY?_´¼ü²_ÊÔ
            CODE    0057H     000CH     UNIT         ?C_C51STARTUP



OVERLAY MAP OF MODULE:   °´¼ü²âÊÔ (_´¼ü²_ÊÔ)


SEGMENT
  +--> CALLED SEGMENT
---------------------
?C_C51STARTUP
  +--> ?PR?MAIN?_´¼ü²_ÊÔ

?PR?MAIN?_´¼ü²_ÊÔ
  +--> ?PR?_DELAY?_´¼ü²_ÊÔ



SYMBOL TABLE OF MODULE:  °´¼ü²âÊÔ (_´¼ü²_ÊÔ)

  VALUE           TYPE          NAME
  ----------------------------------

  -------         MODULE        _´¼ü²_ÊÔ
  C:0000H         SYMBOL        _ICE_DUMMY_
  B:00B0H.7       PUBLIC        key4
  D:0090H         PUBLIC        P1
  D:00A0H         PUBLIC        P2
  D:00B0H         PUBLIC        P3
  D:00A8H         PUBLIC        IE
  C:0037H         PUBLIC        _delay
  D:00B8H         PUBLIC        IP
BL51 BANKED LINKER/LOCATER V6.22                                                      05/09/2012  21:19:46  PAGE 2


  C:0003H         PUBLIC        main
  D:0098H         PUBLIC        SCON
  D:0088H         PUBLIC        TCON
  B:00A0H.3       PUBLIC        buzz
  D:00C8H         PUBLIC        T2CON
  D:00D0H         PUBLIC        PSW
  B:00B0H.4       PUBLIC        key1
  B:00B0H.5       PUBLIC        key2
  B:00B0H.6       PUBLIC        key3
  C:0031H         SYMBOL        L?0026
  -------         PROC          L?0025
  -------         ENDPROC       L?0025
  C:0031H         SYMBOL        L?0026
  -------         PROC          _DELAY
  D:0006H         SYMBOL        time
  -------         DO            
  D:0004H         SYMBOL        i
  D:0002H         SYMBOL        j
  -------         ENDDO         
  C:0037H         LINE#         10
  C:0037H         LINE#         14
  C:0041H         LINE#         15
  C:0044H         LINE#         16
  C:004FH         LINE#         17
  C:0056H         LINE#         19
  -------         ENDPROC       _DELAY
  -------         PROC          MAIN
  C:0003H         LINE#         20
  C:0003H         LINE#         22
  C:0003H         LINE#         23
  C:0006H         LINE#         24
  C:0006H         LINE#         25
  C:0009H         LINE#         26
  C:000BH         LINE#         27
  C:000EH         LINE#         28
  C:000EH         LINE#         29
  C:0011H         LINE#         30
  C:0011H         LINE#         31
  C:0014H         LINE#         32
  C:0016H         LINE#         33
  C:0019H         LINE#         34
  C:0019H         LINE#         35
  C:001CH         LINE#         36
  C:001CH         LINE#         37
  C:001FH         LINE#         38
  C:0021H         LINE#         39
  C:0024H         LINE#         40
  C:0024H         LINE#         41
  C:0027H         LINE#         42
  C:0027H         LINE#         43
  C:002AH         LINE#         44
  C:002CH         LINE#         45
  -------         ENDPROC       MAIN
  -------         ENDMOD        _´¼ü²_ÊÔ

Program Size: data=9.0 xdata=0 code=99
LINK/LOCATE RUN COMPLETE.  0 WARNING(S),  0 ERROR(S)
