BL51 BANKED LINKER/LOCATER V6.22                                                        05/09/2012  21:28:56  PAGE 1


BL51 BANKED LINKER/LOCATER V6.22, INVOKED BY:
F:\´óÑ§\µçÂ·\SOFT\KEIL\C51\BIN\BL51.EXE ÓÃDS1302ºÍDS1602×öÊ±ÖÓ.obj TO ÓÃDS1302ºÍDS1602×öÊ±ÖÓ RAMSIZE (256)


MEMORY MODEL: SMALL


INPUT MODULES INCLUDED:
  ÓÃDS1302ºÍDS1602×öÊ±ÖÓ.obj (ÓÃDS1302ºÍDS1602×öÊ±_Ó)
  F:\´óÑ§\µçÂ·\SOFT\KEIL\C51\LIB\C51S.LIB (?C_STARTUP)


LINK MAP OF MODULE:  ÓÃDS1302ºÍDS1602×öÊ±ÖÓ (ÓÃDS1302ºÍDS1602×öÊ±_Ó)


            TYPE    BASE      LENGTH    RELOCATION   SEGMENT NAME
            -----------------------------------------------------

            * * * * * * *   D A T A   M E M O R Y   * * * * * * *
            REG     0000H     0008H     ABSOLUTE     "REG BANK 0"
            DATA    0008H     0007H     UNIT         ?DT?ÓÃDS1302ºÍDS1602×öÊ±_Ó
            IDATA   000FH     0001H     UNIT         ?STACK

            * * * * * * *   C O D E   M E M O R Y   * * * * * * *
            CODE    0000H     0003H     ABSOLUTE     
            CODE    0003H     00E4H     UNIT         ?PR?MAIN?ÓÃDS1302ºÍDS1602×öÊ±_Ó
            CODE    00E7H     004DH     UNIT         ?PR?INITDS1302?ÓÃDS1302ºÍDS1602×öÊ±_Ó
            CODE    0134H     0043H     UNIT         ?PR?INITLCD?ÓÃDS1302ºÍDS1602×öÊ±_Ó
            CODE    0177H     0043H     UNIT         ?PR?_READDS1302?ÓÃDS1302ºÍDS1602×öÊ±_Ó
            CODE    01BAH     002DH     UNIT         ?PR?_WRITEDS1302?ÓÃDS1302ºÍDS1602×öÊ±_Ó
            CODE    01E7H     0025H     UNIT         ?CO?ÓÃDS1302ºÍDS1602×öÊ±_Ó
            CODE    020CH     0021H     UNIT         ?PR?_WRITELCD?ÓÃDS1302ºÍDS1602×öÊ±_Ó
            CODE    022DH     001FH     UNIT         ?PR?_DELAY?ÓÃDS1302ºÍDS1602×öÊ±_Ó
            CODE    024CH     000CH     UNIT         ?PR?_WRITE_COMMAND?ÓÃDS1302ºÍDS1602×öÊ±_Ó
            CODE    0258H     000CH     UNIT         ?C_C51STARTUP



OVERLAY MAP OF MODULE:   ÓÃDS1302ºÍDS1602×öÊ±ÖÓ (ÓÃDS1302ºÍDS1602×öÊ±_Ó)


SEGMENT
  +--> CALLED SEGMENT
---------------------
?C_C51STARTUP
  +--> ?PR?MAIN?ÓÃDS1302ºÍDS1602×öÊ±_Ó

?PR?MAIN?ÓÃDS1302ºÍDS1602×öÊ±_Ó
  +--> ?PR?INITDS1302?ÓÃDS1302ºÍDS1602×öÊ±_Ó
  +--> ?PR?INITLCD?ÓÃDS1302ºÍDS1602×öÊ±_Ó
  +--> ?PR?_READDS1302?ÓÃDS1302ºÍDS1602×öÊ±_Ó
  +--> ?CO?ÓÃDS1302ºÍDS1602×öÊ±_Ó
  +--> ?PR?_WRITELCD?ÓÃDS1302ºÍDS1602×öÊ±_Ó

?PR?INITDS1302?ÓÃDS1302ºÍDS1602×öÊ±_Ó
  +--> ?PR?_WRITEDS1302?ÓÃDS1302ºÍDS1602×öÊ±_Ó

?PR?INITLCD?ÓÃDS1302ºÍDS1602×öÊ±_Ó
BL51 BANKED LINKER/LOCATER V6.22                                                      05/09/2012  21:28:56  PAGE 2


  +--> ?PR?_WRITE_COMMAND?ÓÃDS1302ºÍDS1602×ö...
  +--> ?CO?ÓÃDS1302ºÍDS1602×öÊ±_Ó
  +--> ?PR?_WRITELCD?ÓÃDS1302ºÍDS1602×öÊ±_Ó

?PR?_WRITE_COMMAND?ÓÃDS1302ºÍDS1602×ö...
  +--> ?PR?_DELAY?ÓÃDS1302ºÍDS1602×öÊ±_Ó

?PR?_WRITELCD?ÓÃDS1302ºÍDS1602×öÊ±_Ó
  +--> ?PR?_WRITE_COMMAND?ÓÃDS1302ºÍDS1602×ö...
  +--> ?PR?_DELAY?ÓÃDS1302ºÍDS1602×öÊ±_Ó



SYMBOL TABLE OF MODULE:  ÓÃDS1302ºÍDS1602×öÊ±ÖÓ (ÓÃDS1302ºÍDS1602×öÊ±_Ó)

  VALUE           TYPE          NAME
  ----------------------------------

  -------         MODULE        ÓÃDS1302ºÍDS1602×öÊ±_Ó
  C:0000H         SYMBOL        _ICE_DUMMY_
  D:0080H         PUBLIC        P0
  D:0090H         PUBLIC        P1
  D:00A0H         PUBLIC        P2
  D:00B0H         PUBLIC        P3
  C:01BAH         PUBLIC        _writeDS1302
  D:00A8H         PUBLIC        IE
  C:0236H         PUBLIC        _delay
  C:00E7H         PUBLIC        initDS1302
  D:00B8H         PUBLIC        IP
  C:0177H         PUBLIC        _readDs1302
  D:0008H         PUBLIC        date
  B:0090H.0       PUBLIC        lcdenable
  C:0003H         PUBLIC        main
  D:0009H         PUBLIC        month
  D:000AH         PUBLIC        year
  D:0098H         PUBLIC        SCON
  D:0088H         PUBLIC        TCON
  B:00A0H.0       PUBLIC        DS1302_RST
  D:000BH         PUBLIC        sec
  D:000CH         PUBLIC        day
  C:0214H         PUBLIC        _writeLcd
  D:000DH         PUBLIC        min
  C:0134H         PUBLIC        initLcd
  C:01E7H         PUBLIC        num
  B:00A0H.1       PUBLIC        DS1302_IO
  B:0090H.2       PUBLIC        lcdRS
  B:0090H.1       PUBLIC        lcdRW
  C:01F2H         PUBLIC        initData0
  C:0203H         PUBLIC        initData1
  D:000EH         PUBLIC        h
  D:00C8H         PUBLIC        T2CON
  B:00A0H.2       PUBLIC        DS1302_SCLK
  C:024CH         PUBLIC        _write_command
  D:00D0H         PUBLIC        PSW
  -------         PROC          L?0040
  -------         ENDPROC       L?0040
  -------         PROC          _DELAY
BL51 BANKED LINKER/LOCATER V6.22                                                      05/09/2012  21:28:56  PAGE 3


  D:0006H         SYMBOL        i
  -------         DO            
  D:0004H         SYMBOL        x
  D:0005H         SYMBOL        j
  -------         ENDDO         
  C:0236H         LINE#         33
  C:0236H         LINE#         37
  C:023FH         LINE#         38
  C:0241H         LINE#         39
  C:0248H         LINE#         40
  C:024BH         LINE#         41
  -------         ENDPROC       _DELAY
  -------         PROC          _WRITE_COMMAND
  D:0007H         SYMBOL        c
  C:024CH         LINE#         43
  C:024CH         LINE#         45
  C:024EH         LINE#         46
  C:0250H         LINE#         47
  C:0252H         LINE#         48
  C:0252H         LINE#         50
  C:0252H         LINE#         51
  C:0255H         LINE#         52
  C:0257H         LINE#         53
  -------         ENDPROC       _WRITE_COMMAND
  -------         PROC          L?0039
  -------         ENDPROC       L?0039
  -------         PROC          _WRITELCD
  D:0003H         SYMBOL        d
  D:0005H         SYMBOL        position
  C:0214H         LINE#         55
  C:0216H         LINE#         57
  C:021AH         LINE#         58
  C:0221H         LINE#         59
  C:0223H         LINE#         60
  C:0225H         LINE#         61
  C:0227H         LINE#         62
  C:0227H         LINE#         64
  C:0227H         LINE#         65
  C:022AH         LINE#         66
  C:022CH         LINE#         68
  -------         ENDPROC       _WRITELCD
  -------         PROC          INITLCD
  -------         DO            
  D:0002H         SYMBOL        i
  -------         ENDDO         
  C:0134H         LINE#         70
  C:0134H         LINE#         73
  C:0136H         LINE#         74
  C:013BH         LINE#         75
  C:0140H         LINE#         76
  C:0145H         LINE#         77
  C:014AH         LINE#         78
  C:014FH         LINE#         81
  C:0151H         LINE#         82
  C:015CH         LINE#         83
  C:0160H         LINE#         84
  C:0165H         LINE#         85
BL51 BANKED LINKER/LOCATER V6.22                                                      05/09/2012  21:28:56  PAGE 4


  C:0167H         LINE#         86
  C:0172H         LINE#         87
  C:0176H         LINE#         89
  -------         ENDPROC       INITLCD
  -------         PROC          _WRITEDS1302
  D:0007H         SYMBOL        command
  D:0005H         SYMBOL        parameter
  -------         DO            
  D:0006H         SYMBOL        i
  -------         ENDDO         
  C:01BAH         LINE#         92
  C:01BAH         LINE#         94
  C:01BCH         LINE#         95
  C:01BEH         LINE#         96
  C:01C0H         LINE#         97
  C:01C2H         LINE#         98
  C:01C6H         LINE#         99
  C:01C8H         LINE#         100
  C:01CCH         LINE#         101
  C:01CEH         LINE#         103
  C:01D2H         LINE#         104
  C:01D4H         LINE#         105
  C:01D8H         LINE#         106
  C:01DAH         LINE#         107
  C:01DEH         LINE#         108
  C:01E0H         LINE#         109
  C:01E4H         LINE#         110
  C:01E6H         LINE#         111
  -------         ENDPROC       _WRITEDS1302
  -------         PROC          _READDS1302
  D:0007H         SYMBOL        command
  -------         DO            
  D:0005H         SYMBOL        i
  D:0006H         SYMBOL        d
  -------         ENDDO         
  C:0177H         LINE#         113
  C:0177H         LINE#         115
  C:0179H         LINE#         116
  C:017BH         LINE#         117
  C:017DH         LINE#         118
  C:017FH         LINE#         119
  C:0181H         LINE#         120
  C:0185H         LINE#         121
  C:0187H         LINE#         122
  C:018BH         LINE#         123
  C:018FH         LINE#         127
  C:0191H         LINE#         128
  C:0193H         LINE#         129
  C:0196H         LINE#         130
  C:01A3H         LINE#         131
  C:01A5H         LINE#         132
  C:01A9H         LINE#         134
  C:01ABH         LINE#         135
  C:01B8H         LINE#         136
  C:01B9H         LINE#         137
  -------         ENDPROC       _READDS1302
  -------         PROC          INITDS1302
BL51 BANKED LINKER/LOCATER V6.22                                                      05/09/2012  21:28:56  PAGE 5


  C:00E7H         LINE#         139
  C:00E7H         LINE#         142
  C:00EEH         LINE#         143
  C:00F5H         LINE#         154
  C:00FCH         LINE#         155
  C:0103H         LINE#         156
  C:010AH         LINE#         157
  C:0111H         LINE#         158
  C:0118H         LINE#         159
  C:011FH         LINE#         161
  C:0126H         LINE#         164
  C:012DH         LINE#         165
  -------         ENDPROC       INITDS1302
  -------         PROC          MAIN
  C:0003H         LINE#         170
  C:0003H         LINE#         171
  C:0006H         LINE#         172
  C:0009H         LINE#         173
  C:0009H         LINE#         174
  C:0010H         LINE#         175
  C:0022H         LINE#         176
  C:002FH         LINE#         178
  C:0036H         LINE#         179
  C:003DH         LINE#         180
  C:004AH         LINE#         182
  C:0051H         LINE#         183
  C:0058H         LINE#         184
  C:0065H         LINE#         186
  C:006CH         LINE#         187
  C:007BH         LINE#         188
  C:0088H         LINE#         190
  C:008FH         LINE#         191
  C:009EH         LINE#         192
  C:00ABH         LINE#         194
  C:00B2H         LINE#         195
  C:00C1H         LINE#         197
  C:00C8H         LINE#         198
  C:00D7H         LINE#         199
  C:00E4H         LINE#         211
  -------         ENDPROC       MAIN
  -------         ENDMOD        ÓÃDS1302ºÍDS1602×öÊ±_Ó

Program Size: data=16.0 xdata=0 code=612
LINK/LOCATE RUN COMPLETE.  0 WARNING(S),  0 ERROR(S)
