BL51 BANKED LINKER/LOCATER V6.22                                                        05/09/2012  21:15:06  PAGE 1


BL51 BANKED LINKER/LOCATER V6.22, INVOKED BY:
F:\´óÑ§\µçÂ·\SOFT\KEIL\C51\BIN\BL51.EXE ²âÊÔ·äÃùÆ÷.obj TO ²âÊÔ·äÃùÆ÷ RAMSIZE (256)


MEMORY MODEL: SMALL


INPUT MODULES INCLUDED:
  ²âÊÔ·äÃùÆ÷.obj (²_ÊÔ·_Ã_Æ÷)
  F:\´óÑ§\µçÂ·\SOFT\KEIL\C51\LIB\C51S.LIB (?C_STARTUP)


LINK MAP OF MODULE:  ²âÊÔ·äÃùÆ÷ (²_ÊÔ·_Ã_Æ÷)


            TYPE    BASE      LENGTH    RELOCATION   SEGMENT NAME
            -----------------------------------------------------

            * * * * * * *   D A T A   M E M O R Y   * * * * * * *
            REG     0000H     0008H     ABSOLUTE     "REG BANK 0"
            IDATA   0008H     0001H     UNIT         ?STACK

            * * * * * * *   C O D E   M E M O R Y   * * * * * * *
            CODE    0000H     0003H     ABSOLUTE     
            CODE    0003H     0020H     UNIT         ?PR?_DELAY?²_ÊÔ·_Ã_Æ÷
            CODE    0023H     000CH     UNIT         ?C_C51STARTUP
            CODE    002FH     000BH     UNIT         ?PR?MAIN?²_ÊÔ·_Ã_Æ÷



OVERLAY MAP OF MODULE:   ²âÊÔ·äÃùÆ÷ (²_ÊÔ·_Ã_Æ÷)


SEGMENT
  +--> CALLED SEGMENT
---------------------
?C_C51STARTUP
  +--> ?PR?MAIN?²_ÊÔ·_Ã_Æ÷

?PR?MAIN?²_ÊÔ·_Ã_Æ÷
  +--> ?PR?_DELAY?²_ÊÔ·_Ã_Æ÷



SYMBOL TABLE OF MODULE:  ²âÊÔ·äÃùÆ÷ (²_ÊÔ·_Ã_Æ÷)

  VALUE           TYPE          NAME
  ----------------------------------

  -------         MODULE        ²_ÊÔ·_Ã_Æ÷
  C:0000H         SYMBOL        _ICE_DUMMY_
  D:0090H         PUBLIC        P1
  D:00A0H         PUBLIC        P2
  D:00B0H         PUBLIC        P3
  D:00A8H         PUBLIC        IE
  C:0003H         PUBLIC        _delay
  D:00B8H         PUBLIC        IP
  C:002FH         PUBLIC        main
BL51 BANKED LINKER/LOCATER V6.22                                                      05/09/2012  21:15:06  PAGE 2


  D:0098H         PUBLIC        SCON
  D:0088H         PUBLIC        TCON
  B:00A0H.3       PUBLIC        buzz
  D:00C8H         PUBLIC        T2CON
  D:00D0H         PUBLIC        PSW
  -------         PROC          _DELAY
  D:0006H         SYMBOL        time
  -------         DO            
  D:0004H         SYMBOL        i
  D:0002H         SYMBOL        j
  -------         ENDDO         
  C:0003H         LINE#         5
  C:0003H         LINE#         9
  C:000DH         LINE#         10
  C:0010H         LINE#         11
  C:001BH         LINE#         12
  C:0022H         LINE#         14
  -------         ENDPROC       _DELAY
  -------         PROC          MAIN
  C:002FH         LINE#         16
  C:002FH         LINE#         17
  C:002FH         LINE#         18
  C:0031H         LINE#         19
  C:0038H         LINE#         20
  -------         ENDPROC       MAIN
  -------         ENDMOD        ²_ÊÔ·_Ã_Æ÷

Program Size: data=9.0 xdata=0 code=58
LINK/LOCATE RUN COMPLETE.  0 WARNING(S),  0 ERROR(S)
