BL51 BANKED LINKER/LOCATER V6.22                                                        05/26/2012  19:27:59  PAGE 1


BL51 BANKED LINKER/LOCATER V6.22, INVOKED BY:
F:\´óÑ§\µçÂ·\SOFT\KEIL\C51\BIN\BL51.EXE key.obj, led.obj, ¹¦·Å¿ØÖÆ.obj TO ¹¦·Å¿ØÖÆ RAMSIZE (256)


MEMORY MODEL: SMALL


INPUT MODULES INCLUDED:
  key.obj (KEY)
  led.obj (LED)
  ¹¦·Å¿ØÖÆ.obj (¹¦·Å¿Ø_Æ)
  F:\´óÑ§\µçÂ·\SOFT\KEIL\C51\LIB\C51S.LIB (?C_STARTUP)
  F:\´óÑ§\µçÂ·\SOFT\KEIL\C51\LIB\C51S.LIB (?C_INIT)


LINK MAP OF MODULE:  ¹¦·Å¿ØÖÆ (KEY)


            TYPE    BASE      LENGTH    RELOCATION   SEGMENT NAME
            -----------------------------------------------------

            * * * * * * *   D A T A   M E M O R Y   * * * * * * *
            REG     0000H     0008H     ABSOLUTE     "REG BANK 0"
            DATA    0008H     0001H     UNIT         ?DT?LED
            DATA    0009H     0001H     UNIT         ?DT?¹¦·Å¿Ø_Æ
            DATA    000AH     0001H     UNIT         _DATA_GROUP_
            IDATA   000BH     0001H     UNIT         ?STACK

            * * * * * * *   C O D E   M E M O R Y   * * * * * * *
            CODE    0000H     0003H     ABSOLUTE     
            CODE    0003H     008CH     UNIT         ?C_C51STARTUP
            CODE    008FH     004FH     UNIT         ?PR?BLOWOUTALED?LED
            CODE    00DEH     004EH     UNIT         ?PR?LIGHTALED?LED
            CODE    012CH     003EH     UNIT         ?PR?SCANKEY?KEY
            CODE    016AH     0033H     UNIT         ?PR?CHANGEVOLUME?¹¦·Å¿Ø_Æ
            CODE    019DH     002DH     UNIT         ?PR?CHANGESOUNDSOURCE?¹¦·Å¿Ø_Æ
            CODE    01CAH     0029H     UNIT         ?PR?MAIN?¹¦·Å¿Ø_Æ
            CODE    01F3H     0016H     UNIT         ?PR?_DELAY?KEY
            CODE    0209H     0016H     UNIT         ?PR?INIT?¹¦·Å¿Ø_Æ
            CODE    021FH     0007H     UNIT         ?C_INITSEG
            CODE    0226H     0006H     UNIT         ?PR?INCREASEVOLUME?¹¦·Å¿Ø_Æ
            CODE    022CH     0006H     UNIT         ?PR?DECREASEVOLUME?¹¦·Å¿Ø_Æ



OVERLAY MAP OF MODULE:   ¹¦·Å¿ØÖÆ (KEY)


SEGMENT                                  DATA_GROUP 
  +--> CALLED SEGMENT                  START    LENGTH
------------------------------------------------------
?C_C51STARTUP                          -----    -----
  +--> ?PR?MAIN?¹¦·Å¿Ø_Æ
  +--> ?C_INITSEG

?PR?MAIN?¹¦·Å¿Ø_Æ                      000AH    0001H
  +--> ?PR?INIT?¹¦·Å¿Ø_Æ
  +--> ?PR?SCANKEY?KEY
BL51 BANKED LINKER/LOCATER V6.22                                                      05/26/2012  19:27:59  PAGE 2


  +--> ?PR?INCREASEVOLUME?¹¦·Å¿Ø_Æ
  +--> ?PR?DECREASEVOLUME?¹¦·Å¿Ø_Æ
  +--> ?PR?CHANGESOUNDSOURCE?¹¦·Å¿Ø_Æ

?PR?INIT?¹¦·Å¿Ø_Æ                      -----    -----
  +--> ?PR?LIGHTALED?LED

?PR?SCANKEY?KEY                        -----    -----
  +--> ?PR?_DELAY?KEY

?PR?INCREASEVOLUME?¹¦·Å¿Ø_Æ            -----    -----
  +--> ?PR?LIGHTALED?LED
  +--> ?PR?CHANGEVOLUME?¹¦·Å¿Ø_Æ

?PR?DECREASEVOLUME?¹¦·Å¿Ø_Æ            -----    -----
  +--> ?PR?BLOWOUTALED?LED
  +--> ?PR?CHANGEVOLUME?¹¦·Å¿Ø_Æ



SYMBOL TABLE OF MODULE:  ¹¦·Å¿ØÖÆ (KEY)

  VALUE           TYPE          NAME
  ----------------------------------

  -------         MODULE        KEY
  C:0000H         SYMBOL        _ICE_DUMMY_
  D:0090H         PUBLIC        P1
  D:00B0H         PUBLIC        P3
  D:00A8H         PUBLIC        IE
  D:00B8H         PUBLIC        IP
  D:0098H         PUBLIC        SCON
  D:0088H         PUBLIC        TCON
  C:012CH         PUBLIC        scanKey
  D:00C8H         PUBLIC        T2CON
  C:01F3H         PUBLIC        _Delay
  D:00D0H         PUBLIC        PSW
  B:0090H.6       PUBLIC        key1
  B:0090H.7       PUBLIC        key2
  B:00B0H.2       PUBLIC        key3
  -------         PROC          _DELAY
  D:0006H         SYMBOL        i
  -------         DO            
  D:0004H         SYMBOL        x
  D:0005H         SYMBOL        j
  -------         ENDDO         
  C:01F3H         LINE#         6
  C:01F3H         LINE#         10
  C:01FCH         LINE#         11
  C:01FEH         LINE#         12
  C:0205H         LINE#         13
  C:0208H         LINE#         14
  -------         ENDPROC       _DELAY
  -------         PROC          SCANKEY
  C:012CH         LINE#         16
  C:012CH         LINE#         17
  C:0135H         LINE#         18
BL51 BANKED LINKER/LOCATER V6.22                                                      05/26/2012  19:27:59  PAGE 3


  C:013CH         LINE#         19
  C:0145H         LINE#         20
  C:014CH         LINE#         21
  C:014FH         LINE#         22
  C:0152H         LINE#         23
  C:0155H         LINE#         24
  C:0158H         LINE#         25
  C:015BH         LINE#         26
  C:015EH         LINE#         27
  C:0161H         LINE#         28
  C:0164H         LINE#         29
  C:0167H         LINE#         30
  C:0167H         LINE#         31
  C:0167H         LINE#         32
  C:0167H         LINE#         33
  C:0169H         LINE#         34
  -------         ENDPROC       SCANKEY
  -------         ENDMOD        KEY

  -------         MODULE        LED
  C:0000H         SYMBOL        _ICE_DUMMY_
  D:0080H         PUBLIC        P0
  D:0090H         PUBLIC        P1
  D:00A0H         PUBLIC        P2
  D:00B0H         PUBLIC        P3
  D:00A8H         PUBLIC        IE
  D:00B8H         PUBLIC        IP
  D:0098H         PUBLIC        SCON
  D:0088H         PUBLIC        TCON
  D:0008H         PUBLIC        ledStatus
  C:008FH         PUBLIC        blowOutALed
  B:0080H.0       PUBLIC        led1
  D:00C8H         PUBLIC        T2CON
  B:0080H.1       PUBLIC        led2
  B:0080H.4       PUBLIC        led3
  B:0080H.5       PUBLIC        led4
  B:00A0H.7       PUBLIC        led5
  B:00A0H.6       PUBLIC        led6
  B:00A0H.3       PUBLIC        led7
  B:00A0H.2       PUBLIC        led8
  C:00DEH         PUBLIC        lightALed
  D:00D0H         PUBLIC        PSW
  -------         PROC          LIGHTALED
  C:00DEH         LINE#         7
  C:00DEH         LINE#         8
  C:0104H         LINE#         9
  C:0104H         LINE#         10
  C:0106H         LINE#         11
  C:0108H         LINE#         12
  C:0109H         LINE#         13
  C:0109H         LINE#         14
  C:010BH         LINE#         15
  C:010DH         LINE#         16
  C:010EH         LINE#         17
  C:010EH         LINE#         18
  C:0110H         LINE#         19
  C:0112H         LINE#         20
BL51 BANKED LINKER/LOCATER V6.22                                                      05/26/2012  19:27:59  PAGE 4


  C:0113H         LINE#         21
  C:0113H         LINE#         22
  C:0115H         LINE#         23
  C:0117H         LINE#         24
  C:0118H         LINE#         25
  C:0118H         LINE#         26
  C:011AH         LINE#         27
  C:011CH         LINE#         28
  C:011DH         LINE#         29
  C:011DH         LINE#         30
  C:011FH         LINE#         31
  C:0121H         LINE#         32
  C:0122H         LINE#         33
  C:0122H         LINE#         34
  C:0124H         LINE#         35
  C:0126H         LINE#         36
  C:0127H         LINE#         37
  C:0127H         LINE#         38
  C:0129H         LINE#         39
  C:012BH         LINE#         40
  C:012BH         LINE#         41
  C:012BH         LINE#         42
  -------         ENDPROC       LIGHTALED
  -------         PROC          BLOWOUTALED
  C:008FH         LINE#         45
  C:008FH         LINE#         46
  C:00BBH         LINE#         47
  C:00BBH         LINE#         48
  C:00BDH         LINE#         49
  C:00BFH         LINE#         50
  C:00C0H         LINE#         51
  C:00C0H         LINE#         52
  C:00C2H         LINE#         53
  C:00C4H         LINE#         54
  C:00C5H         LINE#         55
  C:00C5H         LINE#         56
  C:00C7H         LINE#         57
  C:00C9H         LINE#         58
  C:00CAH         LINE#         59
  C:00CAH         LINE#         60
  C:00CCH         LINE#         61
  C:00CEH         LINE#         62
  C:00CFH         LINE#         63
  C:00CFH         LINE#         64
  C:00D1H         LINE#         65
  C:00D3H         LINE#         66
  C:00D4H         LINE#         67
  C:00D4H         LINE#         68
  C:00D6H         LINE#         69
  C:00D8H         LINE#         70
  C:00D9H         LINE#         71
  C:00D9H         LINE#         72
  C:00DBH         LINE#         73
  C:00DDH         LINE#         74
  C:00DDH         LINE#         75
  C:00DDH         LINE#         76
  -------         ENDPROC       BLOWOUTALED
BL51 BANKED LINKER/LOCATER V6.22                                                      05/26/2012  19:27:59  PAGE 5


  -------         ENDMOD        LED

  -------         MODULE        ¹¦·Å¿Ø_Æ
  C:0000H         SYMBOL        _ICE_DUMMY_
  D:0080H         PUBLIC        P0
  D:0090H         PUBLIC        P1
  D:00A0H         PUBLIC        P2
  D:00B0H         PUBLIC        P3
  D:00A8H         PUBLIC        IE
  D:00B8H         PUBLIC        IP
  D:0009H         PUBLIC        volumeStatus
  C:01CAH         PUBLIC        main
  D:0098H         PUBLIC        SCON
  D:0088H         PUBLIC        TCON
  C:0209H         PUBLIC        init
  C:022CH         PUBLIC        decreaseVolume
  C:0226H         PUBLIC        increaseVolume
  B:0080H.3       PUBLIC        volume1
  B:0080H.7       PUBLIC        volume2
  B:00A0H.4       PUBLIC        volume3
  B:00A0H.0       PUBLIC        volume4
  B:0090H.3       PUBLIC        soundSource1
  B:0090H.2       PUBLIC        soundSource2
  B:0090H.1       PUBLIC        soundSource3
  B:0090H.0       PUBLIC        soundSource4
  C:016AH         PUBLIC        changeVolume
  D:00C8H         PUBLIC        T2CON
  C:019DH         PUBLIC        changeSoundSource
  D:00D0H         PUBLIC        PSW
  -------         PROC          CHANGEVOLUME
  C:016AH         LINE#         19
  C:016AH         LINE#         20
  C:017CH         LINE#         21
  C:017CH         LINE#         22
  C:017EH         LINE#         23
  C:0180H         LINE#         24
  C:0180H         LINE#         25
  C:0180H         LINE#         26
  C:0182H         LINE#         27
  C:0182H         LINE#         28
  C:0184H         LINE#         29
  C:0186H         LINE#         30
  C:0188H         LINE#         31
  C:018AH         LINE#         32
  C:018BH         LINE#         33
  C:018BH         LINE#         34
  C:018DH         LINE#         35
  C:018FH         LINE#         36
  C:0191H         LINE#         37
  C:0193H         LINE#         38
  C:0194H         LINE#         39
  C:0194H         LINE#         40
  C:0196H         LINE#         41
  C:0198H         LINE#         42
  C:019AH         LINE#         43
  C:019CH         LINE#         44
  C:019CH         LINE#         45
BL51 BANKED LINKER/LOCATER V6.22                                                      05/26/2012  19:27:59  PAGE 6


  C:019CH         LINE#         46
  -------         ENDPROC       CHANGEVOLUME
  -------         PROC          INCREASEVOLUME
  C:0226H         LINE#         48
  C:0226H         LINE#         49
  C:0229H         LINE#         50
  -------         ENDPROC       INCREASEVOLUME
  -------         PROC          DECREASEVOLUME
  C:022CH         LINE#         53
  C:022CH         LINE#         54
  C:022FH         LINE#         55
  -------         ENDPROC       DECREASEVOLUME
  -------         PROC          CHANGESOUNDSOURCE
  C:019DH         LINE#         58
  C:019DH         LINE#         59
  C:01ADH         LINE#         60
  C:01ADH         LINE#         61
  C:01AFH         LINE#         62
  C:01B1H         LINE#         63
  C:01B3H         LINE#         64
  C:01B4H         LINE#         65
  C:01B4H         LINE#         66
  C:01B6H         LINE#         67
  C:01B8H         LINE#         68
  C:01BAH         LINE#         69
  C:01BBH         LINE#         70
  C:01BBH         LINE#         71
  C:01BDH         LINE#         72
  C:01BFH         LINE#         73
  C:01C1H         LINE#         74
  C:01C2H         LINE#         75
  C:01C2H         LINE#         76
  C:01C4H         LINE#         77
  C:01C6H         LINE#         78
  C:01C9H         LINE#         79
  C:01C9H         LINE#         80
  C:01C9H         LINE#         81
  -------         ENDPROC       CHANGESOUNDSOURCE
  -------         PROC          INIT
  C:0209H         LINE#         83
  C:0209H         LINE#         85
  C:020BH         LINE#         86
  C:020DH         LINE#         87
  C:020FH         LINE#         88
  C:0211H         LINE#         89
  C:0214H         LINE#         92
  C:0216H         LINE#         93
  C:0218H         LINE#         94
  C:021AH         LINE#         95
  C:021CH         LINE#         96
  -------         ENDPROC       INIT
  -------         PROC          MAIN
  -------         DO            
  D:000AH         SYMBOL        key
  -------         ENDDO         
  C:01CAH         LINE#         100
  C:01CAH         LINE#         101
BL51 BANKED LINKER/LOCATER V6.22                                                      05/26/2012  19:27:59  PAGE 7


  C:01CDH         LINE#         102
  C:01D0H         LINE#         104
  C:01D0H         LINE#         105
  C:01D5H         LINE#         106
  C:01D9H         LINE#         107
  C:01E4H         LINE#         108
  C:01E4H         LINE#         109
  C:01E7H         LINE#         110
  C:01E9H         LINE#         111
  C:01E9H         LINE#         112
  C:01ECH         LINE#         113
  C:01EEH         LINE#         114
  C:01EEH         LINE#         115
  C:01F1H         LINE#         116
  -------         ENDPROC       MAIN
  -------         ENDMOD        ¹¦·Å¿Ø_Æ

Program Size: data=12.0 xdata=0 code=562
LINK/LOCATE RUN COMPLETE.  0 WARNING(S),  0 ERROR(S)
